[your-dress.ancorathemes.com/index.html]
[backblue.gif]
[fade.gif]
[index.html]
[your-dress.ancorathemes.com/wp-includes/css/dist/block-library/style.mince52.css]
[your-dress.ancorathemes.com/wp-content/plugins/yith-woocommerce-wishlist/assets/css/jquery.selectBox7359.css]
[your-dress.ancorathemes.com/feed/index.html]
[your-dress.ancorathemes.com/comments/feed/index.html]
[your-dress.ancorathemes.com/wp-content/plugins/yith-woocommerce-wishlist/assets/css/font-awesome.min1849.css]
[your-dress.ancorathemes.com/wp-content/plugins/yith-woocommerce-wishlist/assets/css/style3cae.css]
[your-dress.ancorathemes.com/wp-content/plugins/contact-form-7/includes/css/styles3c21.css]
[your-dress.ancorathemes.com/wp-content/plugins/essential-grid/public/assets/css/settingse10b.css]
[your-dress.ancorathemes.com/wp-content/plugins/essential-grid/public/assets/font/fontello/css/fontelloe10b.css]
[your-dress.ancorathemes.com/wp-content/plugins/instagram-feed/css/sb-instagram.min3e5a.css]
[your-dress.ancorathemes.com/wp-content/plugins/revslider/public/assets/css/settings23da.css]
[your-dress.ancorathemes.com/wp-content/plugins/trx_addons/css/font-icons/css/trx_addons_icons-embeddedce52.css]
[your-dress.ancorathemes.com/wp-content/plugins/trx_addons/js/swiper/swiper.min.css]
[your-dress.ancorathemes.com/wp-content/plugins/trx_addons/js/magnific/magnific-popup.min.css]
[your-dress.ancorathemes.com/wp-content/plugins/trx_addons/css/trx_addons.css]
[your-dress.ancorathemes.com/wp-content/plugins/trx_addons/css/trx_addons.animationce52.css]
[your-dress.ancorathemes.com/wp-content/plugins/woocommerce/assets/css/woocommerce-layout1aae.css]
[your-dress.ancorathemes.com/wp-content/plugins/woocommerce/assets/css/woocommerce-smallscreen1aae.css]
[your-dress.ancorathemes.com/wp-content/plugins/woocommerce/assets/css/woocommerce1aae.css]
[your-dress.ancorathemes.com/wp-content/plugins/wc-secondary-product-thumbnail/assets/css/wcspt.min9e1e.css]
[your-dress.ancorathemes.com/wp-content/plugins/woocommerce/assets/css/prettyPhotoce52.css]
[your-dress.ancorathemes.com/wp-content/plugins/js_composer/assets/css/js_composer.min24b2.css]
[your-dress.ancorathemes.com/wp-content/plugins/wp-gdpr-compliance/assets/css/front1562.css]
[your-dress.ancorathemes.com/wp-content/themes/your-dress/style.css]
[your-dress.ancorathemes.com/wp-content/themes/your-dress/css/__stylesce52.css]
[your-dress.ancorathemes.com/wp-includes/js/mediaelement/mediaelementplayer-legacy.min45a0.css]
[your-dress.ancorathemes.com/wp-content/themes/your-dress/css/__colorsce52.css]
[your-dress.ancorathemes.com/wp-includes/js/mediaelement/wp-mediaelement.mince52.css]
[your-dress.ancorathemes.com/wp-content/themes/your-dress/css/fontello/css/fontello-embeddedce52.css]
[your-dress.ancorathemes.com/wp-content/themes/your-dress/css/responsivece52.css]
[your-dress.ancorathemes.com/xmlrpc0db0.php]
[your-dress.ancorathemes.com/wp-includes/js/jquery/jqueryb8ff.js]
[your-dress.ancorathemes.com/wp-includes/wlwmanifest.xml]
[your-dress.ancorathemes.com/wp-json/oembed/1.0/embed7a1b.json]
[your-dress.ancorathemes.com/wp-json/index.html]
[your-dress.ancorathemes.com/wp-json/oembed/1.0/embed3bdd]
[your-dress.ancorathemes.com/wp-content/uploads/2018/10/cropped-favicon-90x90.png]
[your-dress.ancorathemes.com/wp-content/uploads/2018/10/cropped-favicon-300x300.png]
[your-dress.ancorathemes.com/wp-content/uploads/2017/02/top715c.jpg]
[your-dress.ancorathemes.com/wp-content/uploads/2017/04/logo.png]
[your-dress.ancorathemes.com/wp-content/uploads/2017/04/slide1.jpg]
[your-dress.ancorathemes.com/contacts/index.html]
[your-dress.ancorathemes.com/wp-content/uploads/2017/04/slide2.jpg]
[your-dress.ancorathemes.com/home-2/index.html]
[your-dress.ancorathemes.com/rent-a-dress/index.html]
[your-dress.ancorathemes.com/home-3/index.html]
[your-dress.ancorathemes.com/shop/index.html]
[your-dress.ancorathemes.com/wp-content/uploads/2017/04/slide4.jpg]
[your-dress.ancorathemes.com/occasions/index.html]
[your-dress.ancorathemes.com/chess-4-columns/index.html]
[your-dress.ancorathemes.com/wp-content/uploads/2017/03/service-1-555x360.jpg]
[your-dress.ancorathemes.com/wp-content/uploads/2017/03/service-3-732x660.jpg]
[your-dress.ancorathemes.com/classic-1-column/index.html]
[your-dress.ancorathemes.com/classic-2-columns/index.html]
[your-dress.ancorathemes.com/wp-content/uploads/2017/03/service-4-732x660.jpg]
[your-dress.ancorathemes.com/classic-3-columns/index.html]
[your-dress.ancorathemes.com/wp-content/uploads/2017/03/service-2-555x360.jpg]
[your-dress.ancorathemes.com/chess-2-columns/index.html]
[your-dress.ancorathemes.com/wp-content/uploads/2017/03/img12_01-440x750.jpg]
[your-dress.ancorathemes.com/chess-6-columns/index.html]
[your-dress.ancorathemes.com/wp-content/uploads/2017/03/img12_02-440x750.png]
[your-dress.ancorathemes.com/portfolio-3-columns/index.html]
[your-dress.ancorathemes.com/portfolio-2-columns/index.html]
[your-dress.ancorathemes.com/portfolio-4-columns/index.html]
[your-dress.ancorathemes.com/about-us-style-2/index.html]
[your-dress.ancorathemes.com/about-us-style-1/index.html]
[your-dress.ancorathemes.com/wp-content/uploads/2017/03/img01_02-440x750.jpg]
[your-dress.ancorathemes.com/grid/index.html]
[your-dress.ancorathemes.com/wp-content/uploads/2017/03/img01_01-440x750.jpg]
[your-dress.ancorathemes.com/cobbles/index.html]
[your-dress.ancorathemes.com/masonry/index.html]
[your-dress.ancorathemes.com/typography/index.html]
[your-dress.ancorathemes.com/wp-content/uploads/2017/03/img11_01-440x750.jpg]
[your-dress.ancorathemes.com/privacy-policy/index.html]
[your-dress.ancorathemes.com/services/dresses/index.html]
[your-dress.ancorathemes.com/shortcodes/index.html]
[your-dress.ancorathemes.com/wp-content/uploads/2017/03/img11_02-440x750.jpg]
[your-dress.ancorathemes.com/services/handbags/index.html]
[your-dress.ancorathemes.com/services/accessories/index.html]
[your-dress.ancorathemes.com/services/designer-clothing/index.html]
[your-dress.ancorathemes.com/wp-content/uploads/2017/03/img10_01-440x750.jpg]
[your-dress.ancorathemes.com/product/occasion-dress/index.html]
[your-dress.ancorathemes.com/product/white-dress/index.html]
[your-dress.ancorathemes.com/wp-content/uploads/2017/03/img10_02-440x750.jpg]
[your-dress.ancorathemes.com/product/skinny-dress/index.html]
[your-dress.ancorathemes.com/product/maxi-dress/index.html]
[your-dress.ancorathemes.com/wp-content/uploads/2017/03/img03_01-440x750.jpg]
[your-dress.ancorathemes.com/wp-content/uploads/2017/03/img03_02-440x750.jpg]
[your-dress.ancorathemes.com/wp-content/uploads/2017/03/img02_01-440x750.jpg]
[your-dress.ancorathemes.com/product/oversized-dress/index.html]
[your-dress.ancorathemes.com/product/cocktail-dress/index.html]
[your-dress.ancorathemes.com/wp-content/uploads/2017/03/img02_02-440x750.jpg]
[your-dress.ancorathemes.com/wp-content/uploads/2017/03/img05_01-440x750.jpg]
[your-dress.ancorathemes.com/wp-content/uploads/2017/03/img05_02-440x750.jpg]
[your-dress.ancorathemes.com/wp-content/uploads/2017/03/img04_01-440x750.jpg]
[your-dress.ancorathemes.com/product/zoe-dress/index.html]
[your-dress.ancorathemes.com/wp-content/uploads/2017/03/img04_02-440x750.jpg]
[your-dress.ancorathemes.com/wp-content/uploads/2017/03/img06_01-440x750.jpg]
[your-dress.ancorathemes.com/product/multiway-dress/index.html]
[your-dress.ancorathemes.com/product/gold-clutch-bag/index.html]
[your-dress.ancorathemes.com/wp-content/uploads/2017/03/img06_02-440x750.jpg]
[your-dress.ancorathemes.com/wp-content/uploads/2017/03/img08_02-440x750.jpg]
[your-dress.ancorathemes.com/wp-content/uploads/2017/03/img08_01-440x750.jpg]
[your-dress.ancorathemes.com/wp-content/uploads/2017/03/img07_01-440x750.jpg]
[your-dress.ancorathemes.com/product/gold-bracelet/index.html]
[your-dress.ancorathemes.com/product/studded-bag/index.html]
[your-dress.ancorathemes.com/wp-content/uploads/2017/03/img07_02-440x750.jpg]
[your-dress.ancorathemes.com/wp-content/uploads/2017/03/img09_01-440x750.jpg]
[your-dress.ancorathemes.com/wp-content/uploads/2017/03/img09_02-440x750.jpg]
[your-dress.ancorathemes.com/product/black-bag/index.html]
[your-dress.ancorathemes.com/wp-content/uploads/2017/03/gallery-5.jpg]
[your-dress.ancorathemes.com/wp-content/uploads/2017/03/gallery-4.jpg]
[your-dress.ancorathemes.com/wp-content/uploads/2017/03/gallery-3.jpg]
[your-dress.ancorathemes.com/wp-content/uploads/2017/03/gallery-2.jpg]
[your-dress.ancorathemes.com/wp-content/uploads/2017/03/gallery-1.jpg]
[your-dress.ancorathemes.com/wp-content/uploads/2017/03/image-16-740x540.jpg]
[your-dress.ancorathemes.com/wp-content/uploads/2017/03/image-15-740x540.jpg]
[your-dress.ancorathemes.com/wp-content/uploads/2017/03/image-14-740x540.jpg]
[your-dress.ancorathemes.com/wedding-inspiration/index.html]
[your-dress.ancorathemes.com/author/anc_admin/index.html]
[your-dress.ancorathemes.com/cdn-cgi/l/email-protection.html]
[your-dress.ancorathemes.com/wp-content/uploads/2017/03/map.png]
[your-dress.ancorathemes.com/100-beauty-tips/index.html]
[your-dress.ancorathemes.com/cdn-cgi/scripts/5c5dd728/cloudflare-static/email-decode.min.js]
[your-dress.ancorathemes.com/your-travel-style/index.html]
[your-dress.ancorathemes.com/wp-content/plugins/js_composer/assets/lib/bower/font-awesome/css/font-awesome.min24b2.css]
[your-dress.ancorathemes.com/wp-content/plugins/essential-grid/public/assets/css/jquery.esgbox.mine10b.css]
[your-dress.ancorathemes.com/my-account/lost-password/index.html]
[your-dress.ancorathemes.com/index.html]
[your-dress.ancorathemes.com/xmlrpc.php]
[your-dress.ancorathemes.com/wp-includes/css/dist/block-library/style.mince52.css]
[your-dress.ancorathemes.com/wp-content/plugins/yith-woocommerce-wishlist/assets/images/jquery.selectBox-arrow.gif]
[your-dress.ancorathemes.com/wp-content/plugins/yith-woocommerce-wishlist/assets/css/jquery.selectBox7359.css]
[your-dress.ancorathemes.com/wp-content/plugins/yith-woocommerce-wishlist/assets/fonts/fontawesome-webfont3e6e.woff2]
[your-dress.ancorathemes.com/wp-content/plugins/yith-woocommerce-wishlist/assets/fonts/fontawesome-webfontd41d.eot]
[your-dress.ancorathemes.com/wp-content/plugins/yith-woocommerce-wishlist/assets/fonts/fontawesome-webfont3e6e.eot]
[your-dress.ancorathemes.com/wp-content/plugins/yith-woocommerce-wishlist/assets/fonts/fontawesome-webfont3e6e.ttf]
[your-dress.ancorathemes.com/wp-content/plugins/yith-woocommerce-wishlist/assets/fonts/fontawesome-webfont3e6e.svg]
[your-dress.ancorathemes.com/wp-content/plugins/yith-woocommerce-wishlist/assets/css/font-awesome.min1849.css]
[your-dress.ancorathemes.com/wp-content/plugins/yith-woocommerce-wishlist/assets/images/jquery.selectBox-arrow.png]
[your-dress.ancorathemes.com/wp-content/plugins/yith-woocommerce-wishlist/assets/images/facebook.png]
[your-dress.ancorathemes.com/wp-content/plugins/yith-woocommerce-wishlist/assets/images/twitter.png]
[your-dress.ancorathemes.com/wp-content/plugins/yith-woocommerce-wishlist/assets/images/pinterest.jpg]
[your-dress.ancorathemes.com/wp-content/plugins/yith-woocommerce-wishlist/assets/images/googleplus.jpg]
[your-dress.ancorathemes.com/wp-content/plugins/yith-woocommerce-wishlist/assets/images/email.jpg]
[your-dress.ancorathemes.com/wp-content/plugins/yith-woocommerce-wishlist/assets/css/style3cae.css]
[your-dress.ancorathemes.com/wp-content/plugins/yith-woocommerce-wishlist/assets/fonts/fontawesome-webfont3e6e.woff]
[your-dress.ancorathemes.com/wp-content/plugins/contact-form-7/images/ajax-loader.gif]
[your-dress.ancorathemes.com/wp-content/plugins/contact-form-7/includes/css/styles3c21.css]
[your-dress.ancorathemes.com/wp-content/plugins/essential-grid/public/assets/images/ajax-loader.gif]
[your-dress.ancorathemes.com/wp-content/plugins/essential-grid/public/assets/images/loader.gif]
[your-dress.ancorathemes.com/wp-content/plugins/essential-grid/public/assets/css/settingse10b.css]
[your-dress.ancorathemes.com/wp-content/plugins/essential-grid/public/assets/font/fontello/fonts/egfontdde9.eot]
[your-dress.ancorathemes.com/wp-content/plugins/essential-grid/public/assets/font/fontello/fonts/egfontdde9.woff]
[your-dress.ancorathemes.com/wp-content/plugins/essential-grid/public/assets/font/fontello/fonts/egfontdde9.ttf]
[your-dress.ancorathemes.com/wp-content/plugins/essential-grid/public/assets/font/fontello/fonts/egfontdde9.svg]
[your-dress.ancorathemes.com/wp-content/plugins/essential-grid/public/assets/font/fontello/css/fontelloe10b.css]
[your-dress.ancorathemes.com/wp-content/cache/autoptimize/js/autoptimize_4763f8561717b0cef46e3051672b1df8.js]
[your-dress.ancorathemes.com/wp-content/plugins/instagram-feed/img/small-logo.png]
[your-dress.ancorathemes.com/wp-content/plugins/instagram-feed/css/sb-instagram.min3e5a.css]
[your-dress.ancorathemes.com/wp-content/plugins/revslider/public/assets/fonts/revicons/revicons90c6.eot]
[your-dress.ancorathemes.com/wp-content/plugins/revslider/public/assets/fonts/revicons/revicons90c6.woff]
[your-dress.ancorathemes.com/wp-content/plugins/revslider/public/assets/fonts/revicons/revicons90c6.ttf]
[your-dress.ancorathemes.com/wp-content/plugins/revslider/public/assets/fonts/revicons/revicons90c6.svg]
[your-dress.ancorathemes.com/wp-content/plugins/revslider/public/assets/css/openhand.cur]
[your-dress.ancorathemes.com/wp-content/plugins/revslider/public/assets/css/closedhand.cur]
[your-dress.ancorathemes.com/wp-content/plugins/revslider/public/assets/assets/gridtile.png]
[your-dress.ancorathemes.com/wp-content/plugins/revslider/public/assets/assets/gridtile_white.png]
[your-dress.ancorathemes.com/wp-content/plugins/revslider/public/assets/assets/gridtile_3x3.png]
[your-dress.ancorathemes.com/wp-content/plugins/revslider/public/assets/assets/gridtile_3x3_white.png]
[your-dress.ancorathemes.com/wp-content/plugins/revslider/public/assets/assets/coloredbg.png]
[your-dress.ancorathemes.com/wp-content/plugins/revslider/public/assets/assets/loader.gif]
[your-dress.ancorathemes.com/wp-content/plugins/revslider/public/assets/css/settings23da.css]
[your-dress.ancorathemes.com/wp-content/plugins/trx_addons/css/font-icons/css/trx_addons_icons-embeddedce52.css]
[your-dress.ancorathemes.com/wp-content/plugins/trx_addons/js/swiper/swiper.min.css]
[your-dress.ancorathemes.com/wp-content/plugins/trx_addons/js/magnific/magnific-popup.min.css]
[your-dress.ancorathemes.com/wp-content/plugins/trx_addons/css/font-icons/font/trx_addons_iconsad0c.svg]
[your-dress.ancorathemes.com/wp-content/plugins/trx_addons/css/controls.png]
[your-dress.ancorathemes.com/wp-content/plugins/trx_addons/css/trx_addons.css]
[your-dress.ancorathemes.com/wp-content/plugins/trx_addons/css/trx_addons.animationce52.css]
[your-dress.ancorathemes.com/wp-content/plugins/woocommerce/assets/css/woocommerce-layout1aae.css]
[your-dress.ancorathemes.com/wp-content/plugins/woocommerce/assets/css/woocommerce-smallscreen1aae.css]
[your-dress.ancorathemes.com/wp-content/plugins/trx_addons/css/font-icons/font/trx_addons_iconsad0c.eot]
[your-dress.ancorathemes.com/wp-content/plugins/woocommerce/assets/fonts/star.eot]
[your-dress.ancorathemes.com/wp-content/plugins/woocommerce/assets/fonts/star.woff]
[your-dress.ancorathemes.com/wp-content/plugins/woocommerce/assets/fonts/stard41d.eot]
[your-dress.ancorathemes.com/wp-content/plugins/woocommerce/assets/fonts/star.ttf]
[your-dress.ancorathemes.com/wp-content/plugins/woocommerce/assets/fonts/star.svg]
[your-dress.ancorathemes.com/wp-content/plugins/woocommerce/assets/fonts/WooCommerce.eot]
[your-dress.ancorathemes.com/wp-content/plugins/woocommerce/assets/fonts/WooCommerce.woff]
[your-dress.ancorathemes.com/wp-content/plugins/woocommerce/assets/fonts/WooCommerced41d.eot]
[your-dress.ancorathemes.com/wp-content/plugins/woocommerce/assets/fonts/WooCommerce.ttf]
[your-dress.ancorathemes.com/wp-content/plugins/woocommerce/assets/fonts/WooCommerce.svg]
[your-dress.ancorathemes.com/wp-content/plugins/woocommerce/assets/images/icons/loader.svg]
[your-dress.ancorathemes.com/wp-content/plugins/woocommerce/assets/images/icons/credit-cards/visa.svg]
[your-dress.ancorathemes.com/wp-content/plugins/woocommerce/assets/images/icons/credit-cards/mastercard.svg]
[your-dress.ancorathemes.com/wp-content/plugins/woocommerce/assets/images/icons/credit-cards/laser.svg]
[your-dress.ancorathemes.com/wp-content/plugins/woocommerce/assets/images/icons/credit-cards/diners.svg]
[your-dress.ancorathemes.com/wp-content/plugins/woocommerce/assets/images/icons/credit-cards/maestro.svg]
[your-dress.ancorathemes.com/wp-content/plugins/woocommerce/assets/images/icons/credit-cards/jcb.svg]
[your-dress.ancorathemes.com/wp-content/plugins/woocommerce/assets/images/icons/credit-cards/amex.svg]
[your-dress.ancorathemes.com/wp-content/plugins/woocommerce/assets/css/woocommerce1aae.css]
[your-dress.ancorathemes.com/wp-content/plugins/wc-secondary-product-thumbnail/assets/css/wcspt.min9e1e.css]
[your-dress.ancorathemes.com/wp-content/plugins/woocommerce/assets/css/prettyPhotoce52.css]
[your-dress.ancorathemes.com/wp-content/plugins/woocommerce/assets/images/icons/credit-cards/discover.svg]
[your-dress.ancorathemes.com/wp-content/plugins/js_composer/assets/vc/alert.png]
[your-dress.ancorathemes.com/wp-content/plugins/js_composer/assets/vc/info.png]
[your-dress.ancorathemes.com/wp-content/plugins/js_composer/assets/vc/tick.png]
[your-dress.ancorathemes.com/wp-content/plugins/js_composer/assets/vc/exclamation.png]
[your-dress.ancorathemes.com/wp-content/plugins/js_composer/assets/images/icons/address-book.png]
[your-dress.ancorathemes.com/wp-content/plugins/js_composer/assets/images/icons/alarm-clock.png]
[your-dress.ancorathemes.com/wp-content/plugins/js_composer/assets/images/icons/anchor.png]
[your-dress.ancorathemes.com/wp-content/plugins/js_composer/assets/images/icons/application-image.png]
[your-dress.ancorathemes.com/wp-content/plugins/js_composer/assets/images/icons/arrow.png]
[your-dress.ancorathemes.com/wp-content/plugins/js_composer/assets/images/icons/asterisk.png]
[your-dress.ancorathemes.com/wp-content/plugins/js_composer/assets/images/icons/auction-hammer.png]
[your-dress.ancorathemes.com/wp-content/plugins/js_composer/assets/images/icons/balloon.png]
[your-dress.ancorathemes.com/wp-content/plugins/js_composer/assets/images/icons/balloon-buzz.png]
[your-dress.ancorathemes.com/wp-content/plugins/js_composer/assets/images/icons/balloon-facebook.png]
[your-dress.ancorathemes.com/wp-content/plugins/js_composer/assets/images/icons/balloon-twitter.png]
[your-dress.ancorathemes.com/wp-content/plugins/js_composer/assets/images/icons/battery-full.png]
[your-dress.ancorathemes.com/wp-content/plugins/js_composer/assets/images/icons/binocular.png]
[your-dress.ancorathemes.com/wp-content/plugins/js_composer/assets/images/icons/blue-document-excel.png]
[your-dress.ancorathemes.com/wp-content/plugins/js_composer/assets/images/icons/blue-document-image.png]
[your-dress.ancorathemes.com/wp-content/plugins/js_composer/assets/images/icons/blue-document-music.png]
[your-dress.ancorathemes.com/wp-content/plugins/js_composer/assets/images/icons/blue-document-office.png]
[your-dress.ancorathemes.com/wp-content/plugins/js_composer/assets/images/icons/blue-document-pdf.png]
[your-dress.ancorathemes.com/wp-content/plugins/js_composer/assets/images/icons/blue-document-powerpoint.png]
[your-dress.ancorathemes.com/wp-content/plugins/js_composer/assets/images/icons/blue-document-word.png]
[your-dress.ancorathemes.com/wp-content/plugins/js_composer/assets/images/icons/bookmark.png]
[your-dress.ancorathemes.com/wp-content/plugins/js_composer/assets/images/icons/camcorder.png]
[your-dress.ancorathemes.com/wp-content/plugins/js_composer/assets/images/icons/camera.png]
[your-dress.ancorathemes.com/wp-content/plugins/js_composer/assets/images/icons/chart.png]
[your-dress.ancorathemes.com/wp-content/plugins/js_composer/assets/images/icons/chart-pie.png]
[your-dress.ancorathemes.com/wp-content/plugins/js_composer/assets/images/icons/clock.png]
[your-dress.ancorathemes.com/wp-content/plugins/js_composer/assets/images/icons/control.png]
[your-dress.ancorathemes.com/wp-content/plugins/js_composer/assets/images/icons/fire.png]
[your-dress.ancorathemes.com/wp-content/plugins/js_composer/assets/images/icons/heart.png]
[your-dress.ancorathemes.com/wp-content/plugins/js_composer/assets/images/icons/mail.png]
[your-dress.ancorathemes.com/wp-content/plugins/js_composer/assets/images/icons/plus-shield.png]
[your-dress.ancorathemes.com/wp-content/plugins/js_composer/assets/images/icons/video.png]
[your-dress.ancorathemes.com/wp-content/plugins/js_composer/assets/fonts/vc_icons_v2/fonts/vcpb-plugin-iconsb82a.eot]
[your-dress.ancorathemes.com/wp-content/plugins/js_composer/assets/fonts/vc_icons_v2/fonts/vcpb-plugin-iconsb82a.ttf]
[your-dress.ancorathemes.com/wp-content/plugins/js_composer/assets/fonts/vc_icons_v2/fonts/vcpb-plugin-iconsb82a.woff]
[your-dress.ancorathemes.com/wp-content/plugins/js_composer/assets/fonts/vc_icons_v2/fonts/vcpb-plugin-iconsb82a.svg]
[your-dress.ancorathemes.com/wp-content/plugins/js_composer/assets/images/toggle_open.png]
[your-dress.ancorathemes.com/wp-content/plugins/js_composer/assets/images/toggle_close.png]
[your-dress.ancorathemes.com/wp-content/plugins/js_composer/assets/images/flickr.png]
[your-dress.ancorathemes.com/wp-content/plugins/js_composer/assets/vc/blur.svg]
[your-dress.ancorathemes.com/wp-content/plugins/js_composer/assets/fonts/vc_grid/vc_grid_v157a1.eot]
[your-dress.ancorathemes.com/wp-content/plugins/js_composer/assets/fonts/vc_grid/vc_grid_v1d41d.eot]
[your-dress.ancorathemes.com/wp-content/plugins/js_composer/assets/fonts/vc_grid/vc_grid_v157a1.woff]
[your-dress.ancorathemes.com/wp-content/plugins/js_composer/assets/fonts/vc_grid/vc_grid_v157a1.ttf]
[your-dress.ancorathemes.com/wp-content/plugins/js_composer/assets/fonts/vc_grid/vc_grid_v157a1.svg]
[your-dress.ancorathemes.com/wp-content/plugins/js_composer/assets/images/spinner.gif]
[your-dress.ancorathemes.com/wp-content/plugins/js_composer/assets/vc/remove.png]
[your-dress.ancorathemes.com/wp-content/plugins/js_composer/assets/css/js_composer.min24b2.css]
[your-dress.ancorathemes.com/wp-content/plugins/wp-gdpr-compliance/assets/css/front1562.css]
[your-dress.ancorathemes.com/wp-content/themes/your-dress/css/fontello/css/fontello-embeddedce52.css]
[your-dress.ancorathemes.com/wp-content/themes/your-dress/images/preloader.gif]
[your-dress.ancorathemes.com/wp-content/themes/your-dress/style.css]
[your-dress.ancorathemes.com/wp-content/themes/your-dress/css/fontello/font/fontelloe7ad.svg]
[your-dress.ancorathemes.com/wp-content/themes/your-dress/images/woo/shop-cat-bg-1.bf.delayed]
[your-dress.ancorathemes.com/wp-content/themes/your-dress/css/fontello/font/fontelloe7ad.eot]
[your-dress.ancorathemes.com/wp-content/themes/your-dress/images/woo/shop-cat-bg-2.jpg]
[your-dress.ancorathemes.com/wp-content/themes/your-dress/images/woo/shop-cat-bg-3.jpg]
[your-dress.ancorathemes.com/wp-content/themes/your-dress/images/woo/shop-cat-bg-4.jpg]
[your-dress.ancorathemes.com/wp-content/themes/your-dress/images/woo/shop-cat-bg-5.jpg]
[your-dress.ancorathemes.com/wp-content/themes/your-dress/images/woo/shop-cat-bg-6.jpg]
[your-dress.ancorathemes.com/wp-content/themes/your-dress/css/__stylesce52.css]
[your-dress.ancorathemes.com/wp-content/themes/your-dress/css/__colorsce52.css]
[your-dress.ancorathemes.com/wp-includes/js/mediaelement/mediaelementplayer-legacy.min45a0.css]
[your-dress.ancorathemes.com/wp-includes/js/mediaelement/wp-mediaelement.mince52.css]
[your-dress.ancorathemes.com/wp-content/themes/your-dress/css/responsivece52.css]
[your-dress.ancorathemes.com/wp-includes/js/mediaelement/mejs-controls.svg]
[your-dress.ancorathemes.com/wp-json/oembed/1.0/embed0ce7.json]
[your-dress.ancorathemes.com/wp-json/oembed/1.0/embed91a1]
[your-dress.ancorathemes.com/contacts/index.html]
[your-dress.ancorathemes.com/wp-json/oembed/1.0/embedb6e3.json]
[your-dress.ancorathemes.com/wp-json/oembed/1.0/embed3a7b]
[your-dress.ancorathemes.com/wp-content/uploads/2017/03/background-5ca7f.jpg]
[your-dress.ancorathemes.com/wp-content/uploads/2017/04/logo2.png]
[your-dress.ancorathemes.com/home-2/index.html]
[your-dress.ancorathemes.com/wp-json/oembed/1.0/embed6ea9.json]
[your-dress.ancorathemes.com/home-3/index.html]
[your-dress.ancorathemes.com/wp-json/oembed/1.0/embed3099]
[your-dress.ancorathemes.com/wp-json/oembed/1.0/embed7f8b.json]
[your-dress.ancorathemes.com/wp-json/oembed/1.0/embed03e3]
[your-dress.ancorathemes.com/wp-content/uploads/2017/03/service-11-440x750.jpg]
[your-dress.ancorathemes.com/product-category/date-night/index.html]
[your-dress.ancorathemes.com/wp-content/uploads/2017/03/service-5-440x750.jpg]
[your-dress.ancorathemes.com/wp-content/cache/autoptimize/js/autoptimize_d778a2b510bb9d32d4bd05fb2a5a7777.js]
[your-dress.ancorathemes.com/wp-content/uploads/2017/03/service-6-440x750.jpg]
[your-dress.ancorathemes.com/product-category/mardi-gras/index.html]
[your-dress.ancorathemes.com/product-category/gala/index.html]
[your-dress.ancorathemes.com/wp-content/uploads/2017/03/service-8-440x750.jpg]
[your-dress.ancorathemes.com/wp-content/uploads/2017/03/image-2-440x750.jpg]
[your-dress.ancorathemes.com/product-category/prom/index.html]
[your-dress.ancorathemes.com/wp-content/uploads/2017/03/service-9-440x750.jpg]
[your-dress.ancorathemes.com/product-category/valentines-day/index.html]
[your-dress.ancorathemes.com/wp-content/plugins/js_composer/assets/css/js_composer_tta.min24b2.css]
[your-dress.ancorathemes.com/rent-a-dress/index.html]
[your-dress.ancorathemes.com/product-category/wedding/index.html]
[your-dress.ancorathemes.com/shop/feed/index.html]
[your-dress.ancorathemes.com/shop/page/2/index.html]
[your-dress.ancorathemes.com/shop/index.html]
[your-dress.ancorathemes.com/wp-json/oembed/1.0/embeded17.json]
[your-dress.ancorathemes.com/wp-json/oembed/1.0/embedb255]
[your-dress.ancorathemes.com/occasions/index.html]
[your-dress.ancorathemes.com/chess-4-columns/index.html]
[your-dress.ancorathemes.com/category/popular/feed/index.html]
[your-dress.ancorathemes.com/15-easy-and-stylish-casual-summer-outfits/index.html]
[your-dress.ancorathemes.com/wp-content/uploads/2017/03/image-1-1155x615.jpg]
[your-dress.ancorathemes.com/wp-content/cache/autoptimize/js/autoptimize_b259e7fe62cff1fbb4cb3d567afb0b90.js]
[your-dress.ancorathemes.com/wp-content/uploads/2017/03/image-3-1155x615.jpg]
[your-dress.ancorathemes.com/wedding-fashion-beauty-style-ideas/index.html]
[your-dress.ancorathemes.com/wp-content/cache/autoptimize/js/autoptimize_46aa744c76fbd06624efe8ec119aea12.js]
[your-dress.ancorathemes.com/wp-content/uploads/2017/03/sample-melody230a.mp3]
[your-dress.ancorathemes.com/how-to-pick-the-right-handbag-for-lifestyle/index.html]
[your-dress.ancorathemes.com/how-to-find-affordable-bridesmaid-dresses/index.html]
[your-dress.ancorathemes.com/wp-content/uploads/2017/03/sample-melody.mp3]
[your-dress.ancorathemes.com/wp-content/cache/autoptimize/js/autoptimize_c7ea435d7877196b0ce03c2cd1924ec4.js]
[your-dress.ancorathemes.com/why-you-should-wear-interesting-accessories/index.html]
[your-dress.ancorathemes.com/wp-content/uploads/2017/03/image-2-1155x615.jpg]
[your-dress.ancorathemes.com/the-little-black-dress-the-fashion-historian/index.html]
[your-dress.ancorathemes.com/the-new-shoes-are-sure-to-make-you-smile/index.html]
[your-dress.ancorathemes.com/wp-content/uploads/2017/03/image-10-1155x615.jpg]
[your-dress.ancorathemes.com/celebrity-style-and-fashion-trend-coverage/index.html]
[your-dress.ancorathemes.com/wp-content/uploads/2017/03/image-4-1155x615.jpg]
[your-dress.ancorathemes.com/9-ways-to-make-your-clothes-look-more-expensive/index.html]
[your-dress.ancorathemes.com/top-10-best-fashion-designers-of-all-time/index.html]
[your-dress.ancorathemes.com/classic-1-column/_https_/player.vimeo.com/video/476642275782]
[your-dress.ancorathemes.com/wp-content/uploads/2017/03/image-5-1155x615.jpg]
[your-dress.ancorathemes.com/chess-4-columns/page/2/index.html]
[your-dress.ancorathemes.com/category/beauty/index.html]
[your-dress.ancorathemes.com/category/lifestyle/index.html]
[your-dress.ancorathemes.com/wp-content/uploads/2017/03/image-6-1155x615.jpg]
[your-dress.ancorathemes.com/category/popular/index.html]
[your-dress.ancorathemes.com/category/fashion/index.html]
[your-dress.ancorathemes.com/birthday-dresses-for-women/index.html]
[your-dress.ancorathemes.com/wp-content/uploads/2017/03/image-7-1155x615.jpg]
[your-dress.ancorathemes.com/get-ready-for-fall-fashion/index.html]
[your-dress.ancorathemes.com/classic-1-column/index.html]
[your-dress.ancorathemes.com/category/brands/index.html]
[your-dress.ancorathemes.com/the-7-biggest-trends-of-the-oscars-red-carpet/index.html]
[your-dress.ancorathemes.com/classic-1-column/page/2/index.html]
[your-dress.ancorathemes.com/classic-1-column/page/3/index.html]
[your-dress.ancorathemes.com/wp-content/uploads/2017/03/image-1-555x360.jpg]
[your-dress.ancorathemes.com/tag/clothes/index.html]
[your-dress.ancorathemes.com/category/trends/index.html]
[your-dress.ancorathemes.com/tag/designer/index.html]
[your-dress.ancorathemes.com/tag/dresses/index.html]
[your-dress.ancorathemes.com/wp-content/uploads/2017/03/image-3-555x360.jpg]
[your-dress.ancorathemes.com/tag/fit/index.html]
[your-dress.ancorathemes.com/tag/fashionable/index.html]
[your-dress.ancorathemes.com/tag/girl/index.html]
[your-dress.ancorathemes.com/wp-content/uploads/2017/03/image-5-555x360.jpg]
[your-dress.ancorathemes.com/tag/glam/index.html]
[your-dress.ancorathemes.com/wp-content/uploads/2017/03/image-6-555x360.jpg]
[your-dress.ancorathemes.com/wp-content/uploads/2017/03/image-7-555x360.jpg]
[your-dress.ancorathemes.com/tag/high-heels/index.html]
[your-dress.ancorathemes.com/tag/jewelry/index.html]
[your-dress.ancorathemes.com/wp-content/uploads/2017/03/image-8-555x360.jpg]
[your-dress.ancorathemes.com/wp-content/uploads/2017/03/image-9-555x360.jpg]
[your-dress.ancorathemes.com/wp-content/uploads/2017/03/image-10-555x360.jpg]
[your-dress.ancorathemes.com/classic-2-columns/index.html]
[your-dress.ancorathemes.com/wp-content/uploads/2017/03/image-11-555x360.jpg]
[your-dress.ancorathemes.com/classic-2-columns/page/2/index.html]
[your-dress.ancorathemes.com/wp-content/uploads/2017/03/image-12-555x360.jpg]
[your-dress.ancorathemes.com/wp-content/uploads/2017/03/image-2-555x360.jpg]
[your-dress.ancorathemes.com/wp-content/uploads/2017/03/image-13-555x360.jpg]
[your-dress.ancorathemes.com/classic-3-columns/index.html]
[your-dress.ancorathemes.com/the-best-dressed-celebrities-of-the-week/index.html]
[your-dress.ancorathemes.com/chess-2-columns/index.html]
[your-dress.ancorathemes.com/chess-6-columns/index.html]
[your-dress.ancorathemes.com/the-8-best-look-pretty-tips-ever/index.html]
[your-dress.ancorathemes.com/wp-content/uploads/2017/03/image-1-760x507.jpg]
[your-dress.ancorathemes.com/chess-2-columns/page/2/index.html]
[your-dress.ancorathemes.com/wp-content/uploads/2017/03/image-3-760x507.jpg]
[your-dress.ancorathemes.com/wp-content/uploads/2017/03/image-5-760x507.jpg]
[your-dress.ancorathemes.com/wp-content/uploads/2017/03/image-6-760x507.jpg]
[your-dress.ancorathemes.com/wp-content/uploads/2017/03/image-7-760x507.jpg]
[your-dress.ancorathemes.com/wp-content/uploads/2017/03/image-8-760x507.jpg]
[your-dress.ancorathemes.com/wp-content/uploads/2017/03/image-9-760x507.jpg]
[your-dress.ancorathemes.com/wp-content/uploads/2017/03/image-10-760x507.jpg]
[your-dress.ancorathemes.com/wp-content/uploads/2017/03/image-11-760x507.jpg]
[your-dress.ancorathemes.com/wp-content/uploads/2017/03/image-12-760x507.jpg]
[your-dress.ancorathemes.com/portfolio-2-columns/index.html]
[your-dress.ancorathemes.com/wp-content/uploads/2017/03/image-1-370x247.jpg]
[your-dress.ancorathemes.com/portfolio-2-columns/page/2/index.html]
[your-dress.ancorathemes.com/wp-content/uploads/2017/03/image-3-370x247.jpg]
[your-dress.ancorathemes.com/wp-content/uploads/2017/03/image-5-370x247.jpg]
[your-dress.ancorathemes.com/wp-content/uploads/2017/03/image-6-370x247.jpg]
[your-dress.ancorathemes.com/wp-content/uploads/2017/03/image-7-370x247.jpg]
[your-dress.ancorathemes.com/wp-content/uploads/2017/03/image-8-370x247.jpg]
[your-dress.ancorathemes.com/wp-content/uploads/2017/03/image-9-370x247.jpg]
[your-dress.ancorathemes.com/wp-content/uploads/2017/03/image-10-370x247.jpg]
[your-dress.ancorathemes.com/wp-content/uploads/2017/03/image-11-370x247.jpg]
[your-dress.ancorathemes.com/wp-content/uploads/2017/03/image-12-370x247.jpg]
[your-dress.ancorathemes.com/wp-content/uploads/2017/03/image-2-370x247.jpg]
[your-dress.ancorathemes.com/wp-content/uploads/2017/03/image-13-370x247.jpg]
[your-dress.ancorathemes.com/wp-content/cache/autoptimize/js/autoptimize_52f1fae0c9b954eec325e6e57f064c5f.js]
[your-dress.ancorathemes.com/portfolio-3-columns/index.html]
[your-dress.ancorathemes.com/portfolio-4-columns/index.html]
[your-dress.ancorathemes.com/wp-json/oembed/1.0/embed46cd.json]
[your-dress.ancorathemes.com/wp-json/oembed/1.0/embede923]
[your-dress.ancorathemes.com/wp-content/uploads/2017/03/miranda-priston.png]
[your-dress.ancorathemes.com/wp-content/uploads/2017/03/background-1.jpg]
[your-dress.ancorathemes.com/wp-content/uploads/2017/03/team-1-740x892.jpg]
[your-dress.ancorathemes.com/wp-content/uploads/2017/03/team-2-740x892.jpg]
[your-dress.ancorathemes.com/wp-content/uploads/2017/03/team-3-740x892.jpg]
[your-dress.ancorathemes.com/team/linda-grosh/index.html]
[your-dress.ancorathemes.com/team/miranda-green/index.html]
[your-dress.ancorathemes.com/about-us-style-1/index.html]
[your-dress.ancorathemes.com/team/tim-brook/index.html]
[your-dress.ancorathemes.com/wp-json/oembed/1.0/embed5a7d.json]
[your-dress.ancorathemes.com/wp-json/oembed/1.0/embeddfaa]
[your-dress.ancorathemes.com/wp-content/uploads/2017/03/background-25844.jpg]
[your-dress.ancorathemes.com/wp-content/uploads/2017/03/service-9-555x360.jpg]
[your-dress.ancorathemes.com/wp-content/uploads/2017/03/service-5-732x660.jpg]
[your-dress.ancorathemes.com/services/wedding/index.html]
[your-dress.ancorathemes.com/wp-content/uploads/2017/03/service-6-732x660.jpg]
[your-dress.ancorathemes.com/services/gala/index.html]
[your-dress.ancorathemes.com/wp-content/uploads/2017/03/service-10-555x360.jpg]
[your-dress.ancorathemes.com/about-us-style-2/index.html]
[your-dress.ancorathemes.com/services/mardi-gras/index.html]
[your-dress.ancorathemes.com/appointment/index.html]
[your-dress.ancorathemes.com/services/valentines-day/index.html]
[your-dress.ancorathemes.com/wp-json/oembed/1.0/embed0843.json]
[your-dress.ancorathemes.com/wp-json/oembed/1.0/embed9d76]
[your-dress.ancorathemes.com/wp-content/uploads/2017/03/image-13.jpg]
[your-dress.ancorathemes.com/wp-content/uploads/2017/03/image-2.jpg]
[your-dress.ancorathemes.com/wp-content/cache/autoptimize/js/autoptimize_200e82be9c9d92184091688f5cf55291.js]
[your-dress.ancorathemes.com/wp-content/uploads/2017/03/image-12.jpg]
[your-dress.ancorathemes.com/wp-content/uploads/2017/03/image-11.jpg]
[your-dress.ancorathemes.com/wp-content/uploads/2017/03/image-10.jpg]
[your-dress.ancorathemes.com/wp-content/uploads/2017/03/image-9.jpg]
[your-dress.ancorathemes.com/wp-content/uploads/2017/03/image-8.jpg]
[your-dress.ancorathemes.com/wp-content/uploads/2017/03/image-7.jpg]
[your-dress.ancorathemes.com/wp-content/uploads/2017/03/image-6.jpg]
[your-dress.ancorathemes.com/wp-content/uploads/2017/03/image-5.jpg]
[your-dress.ancorathemes.com/wp-content/uploads/2017/03/image-3.jpg]
[your-dress.ancorathemes.com/wp-content/uploads/2017/03/image-1.jpg]
[your-dress.ancorathemes.com/grid/index.html]
[your-dress.ancorathemes.com/wp-json/oembed/1.0/embed895a.json]
[your-dress.ancorathemes.com/wp-json/oembed/1.0/embed1106]
[your-dress.ancorathemes.com/wp-content/uploads/2017/03/image-17.jpg]
[your-dress.ancorathemes.com/15-easy-and-stylish-casual-summer-outfits/image-1/index.html]
[your-dress.ancorathemes.com/wp-content/uploads/2017/03/image-18.jpg]
[your-dress.ancorathemes.com/masonry/index.html]
[your-dress.ancorathemes.com/image-17/index.html]
[your-dress.ancorathemes.com/how-to-find-affordable-bridesmaid-dresses/image-6/index.html]
[your-dress.ancorathemes.com/why-you-should-wear-interesting-accessories/image-7/index.html]
[your-dress.ancorathemes.com/wp-json/oembed/1.0/embed4ee2.json]
[your-dress.ancorathemes.com/the-little-black-dress-the-fashion-historian/image-8/index.html]
[your-dress.ancorathemes.com/the-new-shoes-are-sure-to-make-you-smile/image-9/index.html]
[your-dress.ancorathemes.com/wp-json/oembed/1.0/embeda10d]
[your-dress.ancorathemes.com/cobbles/index.html]
[your-dress.ancorathemes.com/9-ways-to-make-your-clothes-look-more-expensive/image-11/index.html]
[your-dress.ancorathemes.com/top-10-best-fashion-designers-of-all-time/image-12/index.html]
[your-dress.ancorathemes.com/image-18/index.html]
[your-dress.ancorathemes.com/the-best-dressed-celebrities-of-the-week/image-2/index.html]
[your-dress.ancorathemes.com/wp-json/oembed/1.0/embed6453.json]
[your-dress.ancorathemes.com/the-8-best-look-pretty-tips-ever/image-13/index.html]
[your-dress.ancorathemes.com/celebrity-style-and-fashion-trend-coverage/image-10/index.html]
[your-dress.ancorathemes.com/wp-json/oembed/1.0/embed0328]
[your-dress.ancorathemes.com/wp-content/uploads/2017/03/bg-9.jpg]
[your-dress.ancorathemes.com/wp-content/uploads/2017/03/bg-8.jpg]
[your-dress.ancorathemes.com/typography/index.html]
[your-dress.ancorathemes.com/wp-json/oembed/1.0/embede752.json]
[your-dress.ancorathemes.com/wp-json/oembed/1.0/embedb9e4]
[your-dress.ancorathemes.com/wp-content/uploads/2017/03/bg6d26.png]
[your-dress.ancorathemes.com/wp-content/uploads/2017/03/bg-1.jpg]
[your-dress.ancorathemes.com/wp-content/uploads/2017/03/bg-2.jpg]
[your-dress.ancorathemes.com/wp-content/uploads/2017/03/bg-3.jpg]
[your-dress.ancorathemes.com/wp-content/uploads/2017/03/bg-6.jpg]
[your-dress.ancorathemes.com/wp-content/uploads/2017/03/bg-7.jpg]
[your-dress.ancorathemes.com/shortcodes/_https_/player.vimeo.com/video/476642275782]
[your-dress.ancorathemes.com/shortcodes/index.html]
[your-dress.ancorathemes.com/wp-json/oembed/1.0/embed761d.json]
[your-dress.ancorathemes.com/wp-json/oembed/1.0/embed6f35]
[your-dress.ancorathemes.com/privacy-policy/index.html]
[your-dress.ancorathemes.com/wp-content/uploads/2017/03/service-3-555x360.jpg]
[your-dress.ancorathemes.com/wp-json/oembed/1.0/embed39e6.json]
[your-dress.ancorathemes.com/services/night-out/index.html]
[your-dress.ancorathemes.com/wp-json/oembed/1.0/embed45e0]
[your-dress.ancorathemes.com/services/dresses/index.html]
[your-dress.ancorathemes.com/wp-content/uploads/2017/03/service-1-1170x658.jpg]
[your-dress.ancorathemes.com/wp-content/uploads/2017/03/service-4-555x360.jpg]
[your-dress.ancorathemes.com/services/index.html]
[your-dress.ancorathemes.com/wp-json/oembed/1.0/embed044b.json]
[your-dress.ancorathemes.com/wp-json/oembed/1.0/embed05ed]
[your-dress.ancorathemes.com/wp-content/uploads/2017/03/service-3-1170x658.jpg]
[your-dress.ancorathemes.com/services/accessories/index.html]
[your-dress.ancorathemes.com/wp-json/oembed/1.0/embed5c29.json]
[your-dress.ancorathemes.com/wp-json/oembed/1.0/embed977b]
[your-dress.ancorathemes.com/wp-content/uploads/2017/03/service-4-1170x658.jpg]
[your-dress.ancorathemes.com/services/handbags/index.html]
[your-dress.ancorathemes.com/wp-content/cache/autoptimize/js/autoptimize_168855fc805a45d2376e7b8d99b2c934.js]
[your-dress.ancorathemes.com/wp-json/oembed/1.0/embeda6be.json]
[your-dress.ancorathemes.com/wp-json/oembed/1.0/embed3e60]
[your-dress.ancorathemes.com/wp-content/uploads/2017/03/service-2-1170x658.jpg]
[your-dress.ancorathemes.com/services/designer-clothing/index.html]
[your-dress.ancorathemes.com/wp-content/plugins/woocommerce/assets/css/photoswipe/photoswipe1aae.css]
[your-dress.ancorathemes.com/product/occasion-dress/feed/index.html]
[your-dress.ancorathemes.com/wp-content/plugins/woocommerce/assets/css/photoswipe/default-skin/default-skin1aae.css]
[your-dress.ancorathemes.com/wp-content/plugins/woocommerce-easy-booking-system/assets/css/default.mince52.css]
[your-dress.ancorathemes.com/wp-content/uploads/2017/03/img01_02-555x360.jpg]
[your-dress.ancorathemes.com/wp-json/oembed/1.0/embed3c8e.json]
[your-dress.ancorathemes.com/wp-json/oembed/1.0/embedf145]
[your-dress.ancorathemes.com/wp-content/uploads/2017/03/img12_01.jpg]
[your-dress.ancorathemes.com/wp-content/uploads/2017/03/img12_01-440x660.jpg]
[your-dress.ancorathemes.com/wp-content/uploads/2017/03/img12_02.png]
[your-dress.ancorathemes.com/wp-content/uploads/2017/03/img12_02-440x660.png]
[your-dress.ancorathemes.com/wp-content/uploads/2017/03/img12_03.png]
[your-dress.ancorathemes.com/wp-content/uploads/2017/03/img12_03-440x660.png]
[your-dress.ancorathemes.com/wp-content/plugins/yith-woocommerce-wishlist/assets/images/wpspin_light.gif]
[your-dress.ancorathemes.com/product/occasion-dress/index3563.html]
[your-dress.ancorathemes.com/product/occasion-dress/index.html]
[your-dress.ancorathemes.com/wishlist/index.html]
[your-dress.ancorathemes.com/product-tag/bridesmaid/index.html]
[your-dress.ancorathemes.com/product-tag/maxi/index.html]
[your-dress.ancorathemes.com/wp-content/uploads/2017/03/img11_01-555x360.jpg]
[your-dress.ancorathemes.com/product/white-dress/feed/index.html]
[your-dress.ancorathemes.com/wp-json/oembed/1.0/embeda766.json]
[your-dress.ancorathemes.com/wp-json/oembed/1.0/embed01b8]
[your-dress.ancorathemes.com/wp-content/uploads/2017/03/img01_02.jpg]
[your-dress.ancorathemes.com/wp-content/uploads/2017/03/img01_02-440x660.jpg]
[your-dress.ancorathemes.com/wp-content/uploads/2017/03/img01_01.jpg]
[your-dress.ancorathemes.com/wp-content/uploads/2017/03/img01_01-440x660.jpg]
[your-dress.ancorathemes.com/product/white-dress/index.html]
[your-dress.ancorathemes.com/product/white-dress/index6e86.html]
[your-dress.ancorathemes.com/product-tag/multiway-dress/index.html]
[your-dress.ancorathemes.com/wp-content/uploads/2017/03/img10_01-555x360.jpg]
[your-dress.ancorathemes.com/product/skinny-dress/feed/index.html]
[your-dress.ancorathemes.com/wp-content/cache/autoptimize/js/autoptimize_689254935892ca23ebb0906772755146.js]
[your-dress.ancorathemes.com/wp-json/oembed/1.0/embededa3.json]
[your-dress.ancorathemes.com/wp-json/oembed/1.0/embedc78c]
[your-dress.ancorathemes.com/wp-content/uploads/2017/03/img11_01.jpg]
[your-dress.ancorathemes.com/wp-content/uploads/2017/03/img11_01-440x660.jpg]
[your-dress.ancorathemes.com/wp-content/uploads/2017/03/img11_02.jpg]
[your-dress.ancorathemes.com/wp-content/uploads/2017/03/img11_02-440x660.jpg]
[your-dress.ancorathemes.com/product/skinny-dress/index.html]
[your-dress.ancorathemes.com/product/skinny-dress/indexedb7.html]
[your-dress.ancorathemes.com/wp-content/uploads/2017/03/img03_01-555x360.jpg]
[your-dress.ancorathemes.com/product-tag/cocktail/index.html]
[your-dress.ancorathemes.com/product/maxi-dress/feed/index.html]
[your-dress.ancorathemes.com/wp-json/oembed/1.0/embed046c.json]
[your-dress.ancorathemes.com/wp-json/oembed/1.0/embed3aa8]
[your-dress.ancorathemes.com/wp-content/uploads/2017/03/img10_01.jpg]
[your-dress.ancorathemes.com/wp-content/uploads/2017/03/img10_01-440x660.jpg]
[your-dress.ancorathemes.com/wp-content/uploads/2017/03/img10_02.jpg]
[your-dress.ancorathemes.com/wp-content/uploads/2017/03/img10_02-440x660.jpg]
[your-dress.ancorathemes.com/wp-content/uploads/2017/03/img10_03.jpg]
[your-dress.ancorathemes.com/wp-content/uploads/2017/03/img10_03-440x660.jpg]
[your-dress.ancorathemes.com/product/maxi-dress/index.html]
[your-dress.ancorathemes.com/product/maxi-dress/index55f1.html]
[your-dress.ancorathemes.com/product-tag/midi/index.html]
[your-dress.ancorathemes.com/wp-content/uploads/2017/03/img02_01-555x360.jpg]
[your-dress.ancorathemes.com/product/oversized-dress/feed/index.html]
[your-dress.ancorathemes.com/wp-json/oembed/1.0/embedda02.json]
[your-dress.ancorathemes.com/wp-json/oembed/1.0/embed24d0]
[your-dress.ancorathemes.com/wp-content/uploads/2017/03/img03_01.jpg]
[your-dress.ancorathemes.com/wp-content/uploads/2017/03/img03_01-440x660.jpg]
[your-dress.ancorathemes.com/wp-content/uploads/2017/03/img03_02.jpg]
[your-dress.ancorathemes.com/wp-content/uploads/2017/03/img03_02-440x660.jpg]
[your-dress.ancorathemes.com/wp-content/uploads/2017/03/img03_03.jpg]
[your-dress.ancorathemes.com/wp-content/uploads/2017/03/img03_03-440x660.jpg]
[your-dress.ancorathemes.com/product/oversized-dress/index.html]
[your-dress.ancorathemes.com/wp-content/uploads/2017/03/img05_01-555x360.jpg]
[your-dress.ancorathemes.com/product/oversized-dress/indexc848.html]
[your-dress.ancorathemes.com/product/cocktail-dress/feed/index.html]
[your-dress.ancorathemes.com/wp-json/oembed/1.0/embed8a84.json]
[your-dress.ancorathemes.com/wp-json/oembed/1.0/embed5bf8]
[your-dress.ancorathemes.com/wp-content/uploads/2017/03/img02_01.jpg]
[your-dress.ancorathemes.com/wp-content/uploads/2017/03/img02_01-440x660.jpg]
[your-dress.ancorathemes.com/wp-content/uploads/2017/03/img02_02.jpg]
[your-dress.ancorathemes.com/wp-content/uploads/2017/03/img02_02-440x660.jpg]
[your-dress.ancorathemes.com/wp-content/uploads/2017/03/img02_03.jpg]
[your-dress.ancorathemes.com/wp-content/uploads/2017/03/img02_03-440x660.jpg]
[your-dress.ancorathemes.com/product/cocktail-dress/index.html]
[your-dress.ancorathemes.com/product/cocktail-dress/index4f43.html]
[your-dress.ancorathemes.com/wp-content/uploads/2017/03/img04_01-555x360.jpg]
[your-dress.ancorathemes.com/product/zoe-dress/feed/index.html]
[your-dress.ancorathemes.com/wp-json/oembed/1.0/embed9304.json]
[your-dress.ancorathemes.com/wp-json/oembed/1.0/embed4599]
[your-dress.ancorathemes.com/wp-content/uploads/2017/03/img05_01.jpg]
[your-dress.ancorathemes.com/wp-content/uploads/2017/03/img05_01-440x660.jpg]
[your-dress.ancorathemes.com/wp-content/uploads/2017/03/img05_02.jpg]
[your-dress.ancorathemes.com/wp-content/uploads/2017/03/img05_02-440x660.jpg]
[your-dress.ancorathemes.com/product/zoe-dress/index.html]
[your-dress.ancorathemes.com/wp-content/uploads/2017/03/img06_01-555x360.jpg]
[your-dress.ancorathemes.com/product/zoe-dress/indexfcb1.html]
[your-dress.ancorathemes.com/product/multiway-dress/feed/index.html]
[your-dress.ancorathemes.com/wp-json/oembed/1.0/embedd89f.json]
[your-dress.ancorathemes.com/wp-json/oembed/1.0/embedb380]
[your-dress.ancorathemes.com/wp-content/uploads/2017/03/img04_01.jpg]
[your-dress.ancorathemes.com/wp-content/uploads/2017/03/img04_01-440x660.jpg]
[your-dress.ancorathemes.com/wp-content/uploads/2017/03/img04_02.jpg]
[your-dress.ancorathemes.com/wp-content/uploads/2017/03/img04_02-440x660.jpg]
[your-dress.ancorathemes.com/wp-content/uploads/2017/03/img04_03.jpg]
[your-dress.ancorathemes.com/wp-content/uploads/2017/03/img04_03-440x660.jpg]
[your-dress.ancorathemes.com/product/multiway-dress/index.html]
[your-dress.ancorathemes.com/wp-content/uploads/2017/03/img08_02-555x360.jpg]
[your-dress.ancorathemes.com/product/multiway-dress/indexeccd.html]
[your-dress.ancorathemes.com/product/gold-clutch-bag/feed/index.html]
[your-dress.ancorathemes.com/wp-json/oembed/1.0/embedff5a.json]
[your-dress.ancorathemes.com/wp-json/oembed/1.0/embedf740]
[your-dress.ancorathemes.com/wp-content/uploads/2017/03/img06_01.jpg]
[your-dress.ancorathemes.com/wp-content/uploads/2017/03/img06_01-440x660.jpg]
[your-dress.ancorathemes.com/wp-content/uploads/2017/03/img06_02.jpg]
[your-dress.ancorathemes.com/wp-content/uploads/2017/03/img06_02-440x660.jpg]
[your-dress.ancorathemes.com/product/gold-clutch-bag/index.html]
[your-dress.ancorathemes.com/wp-content/uploads/2017/03/img07_01-555x360.jpg]
[your-dress.ancorathemes.com/product/gold-clutch-bag/index600a.html]
[your-dress.ancorathemes.com/product/gold-bracelet/feed/index.html]
[your-dress.ancorathemes.com/wp-json/oembed/1.0/embed8426.json]
[your-dress.ancorathemes.com/wp-json/oembed/1.0/embed242d]
[your-dress.ancorathemes.com/wp-content/uploads/2017/03/img08_02.jpg]
[your-dress.ancorathemes.com/wp-content/uploads/2017/03/img08_02-440x660.jpg]
[your-dress.ancorathemes.com/wp-content/uploads/2017/03/img08_01.jpg]
[your-dress.ancorathemes.com/wp-content/uploads/2017/03/img08_01-440x660.jpg]
[your-dress.ancorathemes.com/product/gold-bracelet/index.html]
[your-dress.ancorathemes.com/wp-content/uploads/2017/03/img09_01-555x360.jpg]
[your-dress.ancorathemes.com/product/studded-bag/feed/index.html]
[your-dress.ancorathemes.com/product/gold-bracelet/indexd13d.html]
[your-dress.ancorathemes.com/wp-json/oembed/1.0/embedf910.json]
[your-dress.ancorathemes.com/wp-json/oembed/1.0/embeddc63]
[your-dress.ancorathemes.com/wp-content/uploads/2017/03/img07_01.jpg]
[your-dress.ancorathemes.com/wp-content/uploads/2017/03/img07_01-440x660.jpg]
[your-dress.ancorathemes.com/wp-content/uploads/2017/03/img07_02.jpg]
[your-dress.ancorathemes.com/wp-content/uploads/2017/03/img07_02-440x660.jpg]
[your-dress.ancorathemes.com/product/studded-bag/index.html]
[your-dress.ancorathemes.com/wp-json/oembed/1.0/embed640c.json]
[your-dress.ancorathemes.com/product/studded-bag/index5377.html]
[your-dress.ancorathemes.com/product/black-bag/feed/index.html]
[your-dress.ancorathemes.com/wp-json/oembed/1.0/embeddd44]
[your-dress.ancorathemes.com/wp-content/uploads/2017/03/img09_01.jpg]
[your-dress.ancorathemes.com/wp-content/uploads/2017/03/img09_01-440x659.jpg]
[your-dress.ancorathemes.com/wp-content/uploads/2017/03/img09_02.jpg]
[your-dress.ancorathemes.com/wp-content/uploads/2017/03/img09_02-440x733.jpg]
[your-dress.ancorathemes.com/product/black-bag/index.html]
[your-dress.ancorathemes.com/wp-content/uploads/2017/03/image-15-555x360.jpg]
[your-dress.ancorathemes.com/wedding-inspiration/feed/index.html]
[your-dress.ancorathemes.com/product/black-bag/index7808.html]
[your-dress.ancorathemes.com/wp-json/oembed/1.0/embed6ada.json]
[your-dress.ancorathemes.com/wp-json/oembed/1.0/embed43e0]
[your-dress.ancorathemes.com/wp-content/uploads/2017/03/image-16-1155x615.jpg]
[your-dress.ancorathemes.com/wp-content/uploads/2017/03/image-14-1155x615.jpg]
[your-dress.ancorathemes.com/wp-content/uploads/2017/03/image-15-1155x615.jpg]
[your-dress.ancorathemes.com/wedding-inspiration/index0e22.html]
[your-dress.ancorathemes.com/wedding-inspiration/index.html]
[your-dress.ancorathemes.com/wedding-inspiration/index3094.html]
[your-dress.ancorathemes.com/wedding-inspiration/index21b4.html]
[your-dress.ancorathemes.com/author/anc_admin/feed/index.html]
[your-dress.ancorathemes.com/author/anc_admin/_https_/player.vimeo.com/video/476642275782]
[your-dress.ancorathemes.com/author/anc_admin/index.html]
[your-dress.ancorathemes.com/author/anc_admin/page/2/index.html]
[your-dress.ancorathemes.com/wp-content/uploads/2017/03/image-14-555x360.1b9.delayed]
[your-dress.ancorathemes.com/author/anc_admin/page/3/index.html]
[your-dress.ancorathemes.com/100-beauty-tips/feed/index.html]
[your-dress.ancorathemes.com/wp-json/oembed/1.0/embedf539.json]
[your-dress.ancorathemes.com/100-beauty-tips/index.html]
[your-dress.ancorathemes.com/wp-json/oembed/1.0/embede9bc]
[your-dress.ancorathemes.com/your-travel-style/feed/index.html]
[your-dress.ancorathemes.com/wp-json/oembed/1.0/embedd900.json]
[your-dress.ancorathemes.com/your-travel-style/index.html]
[your-dress.ancorathemes.com/cdn-cgi/l/email-protection.html]
[your-dress.ancorathemes.com/date-night/index.html]
[your-dress.ancorathemes.com/prom/index.html]
[your-dress.ancorathemes.com/wp-json/oembed/1.0/embedbe8b]
[your-dress.ancorathemes.com/wedding/index.html]
[your-dress.ancorathemes.com/night-out/index.html]
[your-dress.ancorathemes.com/dresses/index.html]
[your-dress.ancorathemes.com/wp-admin/admin-ajax.html]
[your-dress.ancorathemes.com/wp-content/plugins/woocommerce/assets/css/select21aae.css]
[your-dress.ancorathemes.com/services/prom/index.html]
[your-dress.ancorathemes.com/wp-content/cache/autoptimize/js/autoptimize_ae586a642993910e900a41b30719a53e.js]
[your-dress.ancorathemes.com/wp-json/oembed/1.0/embed6fb9.json]
[your-dress.ancorathemes.com/services/date-night/index.html]
[your-dress.ancorathemes.com/my-account/index.html]
[your-dress.ancorathemes.com/wp-json/oembed/1.0/embedd4bd]
[your-dress.ancorathemes.com/my-account/lost-password/index.html]
[your-dress.ancorathemes.com/wp-content/plugins/js_composer/assets/lib/bower/font-awesome/fonts/fontawesome-webfont3e6e.woff2]
[your-dress.ancorathemes.com/wp-content/plugins/js_composer/assets/lib/bower/font-awesome/fonts/fontawesome-webfont3e6e.eot]
[your-dress.ancorathemes.com/wp-content/plugins/js_composer/assets/lib/bower/font-awesome/fonts/fontawesome-webfontd41d.eot]
[your-dress.ancorathemes.com/wp-content/plugins/js_composer/assets/lib/bower/font-awesome/fonts/fontawesome-webfont3e6e.ttf]
[your-dress.ancorathemes.com/wp-content/plugins/js_composer/assets/lib/bower/font-awesome/fonts/fontawesome-webfont3e6e.svg]
[your-dress.ancorathemes.com/wp-content/plugins/js_composer/assets/lib/bower/font-awesome/css/font-awesome.min24b2.css]
[your-dress.ancorathemes.com/wp-content/plugins/essential-grid/public/assets/css/jquery.esgbox.mine10b.css]
[your-dress.ancorathemes.com/wp-content/plugins/yith-woocommerce-wishlist/assets/fonts/fontawesome-webfont3e6e.svg]
[your-dress.ancorathemes.com/wp-content/plugins/essential-grid/public/assets/font/fontello/fonts/egfontdde9.svg]
[your-dress.ancorathemes.com/wp-content/plugins/revslider/public/assets/fonts/revicons/revicons90c6.svg]
[your-dress.ancorathemes.com/wp-content/plugins/trx_addons/css/font-icons/font/trx_addons_iconsad0c.svg]
[your-dress.ancorathemes.com/wp-content/plugins/trx_addons/css/controls.html]
[your-dress.ancorathemes.com/wp-content/plugins/woocommerce/assets/fonts/star.svg]
[your-dress.ancorathemes.com/wp-content/plugins/woocommerce/assets/fonts/WooCommerce.svg]
[your-dress.ancorathemes.com/wp-content/plugins/woocommerce/assets/images/icons/loader.svg]
[your-dress.ancorathemes.com/wp-content/plugins/woocommerce/assets/images/icons/credit-cards/visa.svg]
[your-dress.ancorathemes.com/wp-content/plugins/woocommerce/assets/images/icons/credit-cards/mastercard.svg]
[your-dress.ancorathemes.com/wp-content/plugins/woocommerce/assets/images/icons/credit-cards/laser.svg]
[your-dress.ancorathemes.com/wp-content/plugins/woocommerce/assets/images/icons/credit-cards/diners.svg]
[your-dress.ancorathemes.com/wp-content/plugins/woocommerce/assets/images/icons/credit-cards/maestro.svg]
[your-dress.ancorathemes.com/wp-content/plugins/woocommerce/assets/images/icons/credit-cards/jcb.svg]
[your-dress.ancorathemes.com/wp-content/plugins/woocommerce/assets/images/icons/credit-cards/amex.svg]
[your-dress.ancorathemes.com/wp-content/plugins/woocommerce/assets/images/icons/credit-cards/discover.svg]
[your-dress.ancorathemes.com/wp-content/plugins/js_composer/assets/fonts/vc_icons_v2/fonts/vcpb-plugin-iconsb82a.svg]
[your-dress.ancorathemes.com/wp-content/plugins/js_composer/assets/vc/blur.svg]
[your-dress.ancorathemes.com/wp-content/plugins/js_composer/assets/fonts/vc_grid/vc_grid_v157a1.svg]
[your-dress.ancorathemes.com/wp-content/themes/your-dress/css/fontello/font/fontelloe7ad.svg]
[your-dress.ancorathemes.com/wp-content/themes/your-dress/images/woo/shop-cat-bg-1.html]
[your-dress.ancorathemes.com/wp-content/themes/your-dress/images/woo/shop-cat-bg-2.html]
[your-dress.ancorathemes.com/wp-content/themes/your-dress/images/woo/shop-cat-bg-3.html]
[your-dress.ancorathemes.com/wp-content/themes/your-dress/images/woo/shop-cat-bg-4.html]
[your-dress.ancorathemes.com/wp-content/themes/your-dress/images/woo/shop-cat-bg-5.html]
[your-dress.ancorathemes.com/wp-content/themes/your-dress/images/woo/shop-cat-bg-6.html]
[your-dress.ancorathemes.com/wp-includes/js/mediaelement/mejs-controls.svg]
[your-dress.ancorathemes.com/indexeffd.html]
[your-dress.ancorathemes.com/index71fc.html]
[your-dress.ancorathemes.com/index8374.html]
[your-dress.ancorathemes.com/index735a.html]
[your-dress.ancorathemes.com/product-category/date-night/index.html]
[your-dress.ancorathemes.com/product-category/date-night/feed/index.html]
[your-dress.ancorathemes.com/wp-content/plugins/js_composer/assets/lib/bower/font-awesome/fonts/fontawesome-webfont3e6e.woff]
[your-dress.ancorathemes.com/product-category/gala/index.html]
[your-dress.ancorathemes.com/product-category/mardi-gras/index.html]
[your-dress.ancorathemes.com/product-category/gala/feed/index.html]
[your-dress.ancorathemes.com/product-category/mardi-gras/feed/index.html]
[your-dress.ancorathemes.com/product-category/prom/index.html]
[your-dress.ancorathemes.com/product-category/valentines-day/index.html]
[your-dress.ancorathemes.com/product-category/prom/feed/index.html]
[your-dress.ancorathemes.com/product-category/valentines-day/feed/index.html]
[your-dress.ancorathemes.com/product-category/wedding/index.html]
[your-dress.ancorathemes.com/wp-content/cache/autoptimize/js/autoptimize_cf4a1de6e3ddab0485a9a306c566bcaf.js]
[your-dress.ancorathemes.com/wp-content/plugins/js_composer/assets/css/js_composer_tta.min24b2.css]
[your-dress.ancorathemes.com/shop/page/2/index.html]
[your-dress.ancorathemes.com/index8ed7.html]
[your-dress.ancorathemes.com/product-category/wedding/feed/index.html]
[your-dress.ancorathemes.com/wp-json/oembed/1.0/embedf940.json]
[your-dress.ancorathemes.com/15-easy-and-stylish-casual-summer-outfits/feed/index.html]
[your-dress.ancorathemes.com/wp-json/oembed/1.0/embed5d0c]
[your-dress.ancorathemes.com/wp-content/uploads/2017/03/image-11-1155x615.jpg]
[your-dress.ancorathemes.com/15-easy-and-stylish-casual-summer-outfits/index.html]
[your-dress.ancorathemes.com/15-easy-and-stylish-casual-summer-outfits/index8e42.html]
[your-dress.ancorathemes.com/15-easy-and-stylish-casual-summer-outfits/index267f.html]
[your-dress.ancorathemes.com/15-easy-and-stylish-casual-summer-outfits/index41b7.html]
[your-dress.ancorathemes.com/wp-content/themes/your-dress/images/no-image.jpg]
[your-dress.ancorathemes.com/wedding-fashion-beauty-style-ideas/feed/index.html]
[your-dress.ancorathemes.com/wp-json/oembed/1.0/embedd70a.json]
[your-dress.ancorathemes.com/wp-json/oembed/1.0/embedd54e]
[your-dress.ancorathemes.com/wp-content/uploads/2017/03/image-12-1155x615.jpg]
[your-dress.ancorathemes.com/wedding-fashion-beauty-style-ideas/index.html]
[your-dress.ancorathemes.com/wp-json/oembed/1.0/embed09a7.json]
[your-dress.ancorathemes.com/how-to-pick-the-right-handbag-for-lifestyle/feed/index.html]
[your-dress.ancorathemes.com/how-to-pick-the-right-handbag-for-lifestyle/index.html]
[your-dress.ancorathemes.com/wp-json/oembed/1.0/embedb038]
[your-dress.ancorathemes.com/wp-json/oembed/1.0/embede490.json]
[your-dress.ancorathemes.com/how-to-find-affordable-bridesmaid-dresses/feed/index.html]
[your-dress.ancorathemes.com/how-to-find-affordable-bridesmaid-dresses/index.html]
[your-dress.ancorathemes.com/wp-json/oembed/1.0/embedac7e]
[your-dress.ancorathemes.com/wp-json/oembed/1.0/embedfd4c.json]
[your-dress.ancorathemes.com/why-you-should-wear-interesting-accessories/feed/index.html]
[your-dress.ancorathemes.com/why-you-should-wear-interesting-accessories/index.html]
[your-dress.ancorathemes.com/wp-json/oembed/1.0/embed37b1]
[your-dress.ancorathemes.com/wp-json/oembed/1.0/embed29db.json]
[your-dress.ancorathemes.com/the-little-black-dress-the-fashion-historian/feed/index.html]
[your-dress.ancorathemes.com/wp-json/oembed/1.0/embedaf8d]
[your-dress.ancorathemes.com/wp-content/uploads/2017/03/image-8-1155x615.jpg]
[your-dress.ancorathemes.com/the-little-black-dress-the-fashion-historian/index.html]
[your-dress.ancorathemes.com/the-new-shoes-are-sure-to-make-you-smile/feed/index.html]
[your-dress.ancorathemes.com/wp-json/oembed/1.0/embedf6a9.json]
[your-dress.ancorathemes.com/wp-json/oembed/1.0/embed71a2]
[your-dress.ancorathemes.com/wp-content/uploads/2017/03/image-9-1155x615.jpg]
[your-dress.ancorathemes.com/wp-content/uploads/2017/03/image-13-1155x615.jpg]
[your-dress.ancorathemes.com/the-new-shoes-are-sure-to-make-you-smile/index.html]
[your-dress.ancorathemes.com/celebrity-style-and-fashion-trend-coverage/feed/index.html]
[your-dress.ancorathemes.com/wp-json/oembed/1.0/embedec9a.json]
[your-dress.ancorathemes.com/celebrity-style-and-fashion-trend-coverage/index.html]
[your-dress.ancorathemes.com/wp-json/oembed/1.0/embed910f]
[your-dress.ancorathemes.com/9-ways-to-make-your-clothes-look-more-expensive/feed/index.html]
[your-dress.ancorathemes.com/wp-json/oembed/1.0/embed2b7f.json]
[your-dress.ancorathemes.com/9-ways-to-make-your-clothes-look-more-expensive/index.html]
[your-dress.ancorathemes.com/wp-json/oembed/1.0/embed36f0]
[your-dress.ancorathemes.com/wp-json/oembed/1.0/embed7fb0.json]
[your-dress.ancorathemes.com/top-10-best-fashion-designers-of-all-time/feed/index.html]
[your-dress.ancorathemes.com/top-10-best-fashion-designers-of-all-time/index.html]
[your-dress.ancorathemes.com/chess-4-columns/page/2/index.html]
[your-dress.ancorathemes.com/wp-json/oembed/1.0/embed6130]
[your-dress.ancorathemes.com/category/beauty/feed/index.html]
[your-dress.ancorathemes.com/category/beauty/_https_/player.vimeo.com/video/476642275782]
[your-dress.ancorathemes.com/category/beauty/index.html]
[your-dress.ancorathemes.com/category/lifestyle/index.html]
[your-dress.ancorathemes.com/category/popular/index.html]
[your-dress.ancorathemes.com/category/fashion/index.html]
[your-dress.ancorathemes.com/category/lifestyle/feed/index.html]
[your-dress.ancorathemes.com/category/fashion/feed/index.html]
[your-dress.ancorathemes.com/category/fashion/page/2/index.html]
[your-dress.ancorathemes.com/wp-json/oembed/1.0/embed2e66.json]
[your-dress.ancorathemes.com/category/popular/page/2/index.html]
[your-dress.ancorathemes.com/birthday-dresses-for-women/feed/index.html]
[your-dress.ancorathemes.com/birthday-dresses-for-women/index.html]
[your-dress.ancorathemes.com/wp-json/oembed/1.0/embed0518]
[your-dress.ancorathemes.com/wp-content/uploads/2017/03/image-4-555x360.jpg]
[your-dress.ancorathemes.com/get-ready-for-fall-fashion/feed/index.html]
[your-dress.ancorathemes.com/wp-json/oembed/1.0/embed4704.json]
[your-dress.ancorathemes.com/get-ready-for-fall-fashion/index.html]
[your-dress.ancorathemes.com/category/brands/index.html]
[your-dress.ancorathemes.com/wp-json/oembed/1.0/embed9700]
[your-dress.ancorathemes.com/category/brands/feed/index.html]
[your-dress.ancorathemes.com/wp-json/oembed/1.0/embed398e.json]
[your-dress.ancorathemes.com/the-7-biggest-trends-of-the-oscars-red-carpet/feed/index.html]
[your-dress.ancorathemes.com/wedding-fashion-beauty-style-ideas/image-3/index.html]
[your-dress.ancorathemes.com/the-7-biggest-trends-of-the-oscars-red-carpet/index.html]
[your-dress.ancorathemes.com/classic-1-column/_https_/player.vimeo.com/video/476642275782.html]
[your-dress.ancorathemes.com/classic-1-column/page/2/index.html]
[your-dress.ancorathemes.com/classic-1-column/page/3/index.html]
[your-dress.ancorathemes.com/category/trends/index.html]
[your-dress.ancorathemes.com/wp-json/oembed/1.0/embed5756]
[your-dress.ancorathemes.com/category/trends/feed/index.html]
[your-dress.ancorathemes.com/tag/clothes/feed/index.html]
[your-dress.ancorathemes.com/tag/clothes/_https_/player.vimeo.com/video/476642275782]
[your-dress.ancorathemes.com/tag/clothes/index.html]
[your-dress.ancorathemes.com/tag/designer/index.html]
[your-dress.ancorathemes.com/tag/designer/feed/index.html]
[your-dress.ancorathemes.com/tag/dresses/feed/index.html]
[your-dress.ancorathemes.com/tag/clothes/page/2/index.html]
[your-dress.ancorathemes.com/tag/dresses/_https_/player.vimeo.com/video/476642275782]
[your-dress.ancorathemes.com/tag/dresses/index.html]
[your-dress.ancorathemes.com/tag/fashionable/index.html]
[your-dress.ancorathemes.com/tag/fit/index.html]
[your-dress.ancorathemes.com/tag/fashionable/feed/index.html]
[your-dress.ancorathemes.com/tag/fit/feed/index.html]
[your-dress.ancorathemes.com/tag/dresses/page/2/index.html]
[your-dress.ancorathemes.com/tag/girl/feed/index.html]
[your-dress.ancorathemes.com/tag/fit/page/2/index.html]
[your-dress.ancorathemes.com/tag/girl/_https_/player.vimeo.com/video/476642275782]
[your-dress.ancorathemes.com/tag/girl/index.html]
[your-dress.ancorathemes.com/tag/glam/index.html]
[your-dress.ancorathemes.com/tag/glam/feed/index.html]
[your-dress.ancorathemes.com/tag/high-heels/index.html]
[your-dress.ancorathemes.com/tag/high-heels/feed/index.html]
[your-dress.ancorathemes.com/tag/glam/page/2/index.html]
[your-dress.ancorathemes.com/tag/girl/page/2/index.html]
[your-dress.ancorathemes.com/tag/jewelry/feed/index.html]
[your-dress.ancorathemes.com/tag/jewelry/_https_/player.vimeo.com/video/476642275782]
[your-dress.ancorathemes.com/tag/jewelry/index.html]
[your-dress.ancorathemes.com/classic-2-columns/page/2/index.html]
[your-dress.ancorathemes.com/the-best-dressed-celebrities-of-the-week/feed/index.html]
[your-dress.ancorathemes.com/wp-json/oembed/1.0/embed25b0.json]
[your-dress.ancorathemes.com/tag/jewelry/page/2/index.html]
[your-dress.ancorathemes.com/the-best-dressed-celebrities-of-the-week/index.html]
[your-dress.ancorathemes.com/wp-json/oembed/1.0/embedd267]
[your-dress.ancorathemes.com/wp-content/uploads/2017/03/image-16-555x360.jpg]
[your-dress.ancorathemes.com/the-8-best-look-pretty-tips-ever/feed/index.html]
[your-dress.ancorathemes.com/wp-json/oembed/1.0/embed3962.json]
[your-dress.ancorathemes.com/the-8-best-look-pretty-tips-ever/index.html]
[your-dress.ancorathemes.com/chess-2-columns/page/2/index.html]
[your-dress.ancorathemes.com/wp-json/oembed/1.0/embedbf86]
[your-dress.ancorathemes.com/wp-content/uploads/2017/03/image-2-760x507.jpg]
[your-dress.ancorathemes.com/wp-content/uploads/2017/03/image-13-760x507.jpg]
[your-dress.ancorathemes.com/portfolio-2-columns/page/2/index.html]
[your-dress.ancorathemes.com/indexbde5.html]
[your-dress.ancorathemes.com/wp-content/uploads/2017/03/team-2-555x360.jpg]
[your-dress.ancorathemes.com/wp-json/oembed/1.0/embed0b14.json]
[your-dress.ancorathemes.com/wp-json/oembed/1.0/embedf08e]
[your-dress.ancorathemes.com/wp-content/uploads/2017/03/team-1-1155x615.jpg]
[your-dress.ancorathemes.com/team/linda-grosh/index.html]
[your-dress.ancorathemes.com/wp-content/uploads/2017/03/team-3-555x360.jpg]
[your-dress.ancorathemes.com/wp-json/oembed/1.0/embed725f.json]
[your-dress.ancorathemes.com/wp-json/oembed/1.0/embed07d3]
[your-dress.ancorathemes.com/wp-content/uploads/2017/03/team-2-1155x615.jpg]
[your-dress.ancorathemes.com/team/miranda-green/index.html]
[your-dress.ancorathemes.com/wp-json/oembed/1.0/embed00bb.json]
[your-dress.ancorathemes.com/wp-json/oembed/1.0/embed6268]
[your-dress.ancorathemes.com/wp-content/uploads/2017/03/team-3-1155x615.jpg]
[your-dress.ancorathemes.com/team/tim-brook/index.html]
[your-dress.ancorathemes.com/index287b.html]
[your-dress.ancorathemes.com/wp-content/uploads/2017/03/service-5-555x360.jpg]
[your-dress.ancorathemes.com/wp-json/oembed/1.0/embede82b.json]
[your-dress.ancorathemes.com/wp-json/oembed/1.0/embed67d0]
[your-dress.ancorathemes.com/wp-content/uploads/2017/03/service-9-1170x658.jpg]
[your-dress.ancorathemes.com/services/wedding/index.html]
[your-dress.ancorathemes.com/wp-content/uploads/2017/03/service-6-555x360.jpg]
[your-dress.ancorathemes.com/wp-json/oembed/1.0/embed56a0.json]
[your-dress.ancorathemes.com/wp-json/oembed/1.0/embed3ceb]
[your-dress.ancorathemes.com/wp-content/uploads/2017/03/service-5-1170x658.jpg]
[your-dress.ancorathemes.com/services/gala/index.html]
[your-dress.ancorathemes.com/wp-json/oembed/1.0/embed782b.json]
[your-dress.ancorathemes.com/wp-json/oembed/1.0/embed803c]
[your-dress.ancorathemes.com/wp-content/uploads/2017/03/service-6-1170x658.jpg]
[your-dress.ancorathemes.com/services/mardi-gras/index.html]
[your-dress.ancorathemes.com/wp-content/uploads/2017/03/service-11-555x360.jpg]
[your-dress.ancorathemes.com/wp-json/oembed/1.0/embedd35f.json]
[your-dress.ancorathemes.com/wp-json/oembed/1.0/embed2b46]
[your-dress.ancorathemes.com/wp-content/uploads/2017/03/service-10-1170x658.jpg]
[your-dress.ancorathemes.com/services/valentines-day/index.html]
[your-dress.ancorathemes.com/wp-json/oembed/1.0/embedff37.json]
[your-dress.ancorathemes.com/appointment/index.html]
[your-dress.ancorathemes.com/indexdc22.html]
[your-dress.ancorathemes.com/wp-json/oembed/1.0/embed2065]
[your-dress.ancorathemes.com/index8bc8.html]
[your-dress.ancorathemes.com/wp-content/uploads/2017/03/image-1.jpg]
[your-dress.ancorathemes.com/wp-json/oembed/1.0/embedf27c.json]
[your-dress.ancorathemes.com/15-easy-and-stylish-casual-summer-outfits/image-1/feed/index.html]
[your-dress.ancorathemes.com/wp-json/oembed/1.0/embedee38]
[your-dress.ancorathemes.com/15-easy-and-stylish-casual-summer-outfits/image-1/index.html]
[your-dress.ancorathemes.com/wp-json/oembed/1.0/embed9b8a.json]
[your-dress.ancorathemes.com/feed/indexca4c.html]
[your-dress.ancorathemes.com/wp-json/oembed/1.0/embed5c94]
[your-dress.ancorathemes.com/wp-content/uploads/2017/03/image-17-1155x615.jpg]
[your-dress.ancorathemes.com/image-17/index.html]
[your-dress.ancorathemes.com/how-to-find-affordable-bridesmaid-dresses/image-6/feed/index.html]
[your-dress.ancorathemes.com/wp-json/oembed/1.0/embede9fe.json]
[your-dress.ancorathemes.com/how-to-find-affordable-bridesmaid-dresses/image-6/index.html]
[your-dress.ancorathemes.com/wp-json/oembed/1.0/embed34cd]
[your-dress.ancorathemes.com/why-you-should-wear-interesting-accessories/image-7/feed/index.html]
[your-dress.ancorathemes.com/wp-json/oembed/1.0/embedd019.json]
[your-dress.ancorathemes.com/why-you-should-wear-interesting-accessories/image-7/index.html]
[your-dress.ancorathemes.com/wp-json/oembed/1.0/embed836d]
[your-dress.ancorathemes.com/wp-json/oembed/1.0/embed6487.json]
[your-dress.ancorathemes.com/the-little-black-dress-the-fashion-historian/image-8/feed/index.html]
[your-dress.ancorathemes.com/the-little-black-dress-the-fashion-historian/image-8/index.html]
[your-dress.ancorathemes.com/wp-json/oembed/1.0/embed2bd6]
[your-dress.ancorathemes.com/wp-json/oembed/1.0/embededf5.json]
[your-dress.ancorathemes.com/the-new-shoes-are-sure-to-make-you-smile/image-9/feed/index.html]
[your-dress.ancorathemes.com/the-new-shoes-are-sure-to-make-you-smile/image-9/index.html]
[your-dress.ancorathemes.com/wp-json/oembed/1.0/embed6c5c]
[your-dress.ancorathemes.com/9-ways-to-make-your-clothes-look-more-expensive/image-11/feed/index.html]
[your-dress.ancorathemes.com/wp-json/oembed/1.0/embedab3b.json]
[your-dress.ancorathemes.com/9-ways-to-make-your-clothes-look-more-expensive/image-11/index.html]
[your-dress.ancorathemes.com/wp-json/oembed/1.0/embedc7e6]
[your-dress.ancorathemes.com/wp-json/oembed/1.0/embed59f0.json]
[your-dress.ancorathemes.com/top-10-best-fashion-designers-of-all-time/image-12/feed/index.html]
[your-dress.ancorathemes.com/top-10-best-fashion-designers-of-all-time/image-12/index.html]
[your-dress.ancorathemes.com/wp-json/oembed/1.0/embedfe7f]
[your-dress.ancorathemes.com/wp-json/oembed/1.0/embedfda4.json]
[your-dress.ancorathemes.com/feed/indexc814.html]
[your-dress.ancorathemes.com/wp-json/oembed/1.0/embed117e]
[your-dress.ancorathemes.com/wp-content/uploads/2017/03/image-18-1155x615.jpg]
[your-dress.ancorathemes.com/image-18/index.html]
[your-dress.ancorathemes.com/the-best-dressed-celebrities-of-the-week/image-2/feed/index.html]
[your-dress.ancorathemes.com/gallery-1/index.html]
[your-dress.ancorathemes.com/wp-json/oembed/1.0/embed364a.json]
[your-dress.ancorathemes.com/the-best-dressed-celebrities-of-the-week/image-2/index.html]
[your-dress.ancorathemes.com/wp-json/oembed/1.0/embed1a4d]
[your-dress.ancorathemes.com/wp-json/oembed/1.0/embed212b.json]
[your-dress.ancorathemes.com/the-8-best-look-pretty-tips-ever/image-13/feed/index.html]
[your-dress.ancorathemes.com/the-8-best-look-pretty-tips-ever/image-13/index.html]
[your-dress.ancorathemes.com/wp-json/oembed/1.0/embed0dbc]
[your-dress.ancorathemes.com/wp-json/oembed/1.0/embed50eb.json]
[your-dress.ancorathemes.com/celebrity-style-and-fashion-trend-coverage/image-10/feed/index.html]
[your-dress.ancorathemes.com/celebrity-style-and-fashion-trend-coverage/image-10/index.html]
[your-dress.ancorathemes.com/indexbe3b.html]
[your-dress.ancorathemes.com/indexe4c6.html]
[your-dress.ancorathemes.com/index0eba.html]
[your-dress.ancorathemes.com/shortcodes/_https_/player.vimeo.com/video/476642275782.html]
[your-dress.ancorathemes.com/index3eda.html]
[your-dress.ancorathemes.com/wp-json/oembed/1.0/embed68b2]
[your-dress.ancorathemes.com/wp-json/oembed/1.0/embedf177.json]
[your-dress.ancorathemes.com/services/engagement-party/index.html]
[your-dress.ancorathemes.com/wp-json/oembed/1.0/embedaa7c]
[your-dress.ancorathemes.com/wp-content/uploads/2017/03/service-12-1170x658.jpg]
[your-dress.ancorathemes.com/services/night-out/index.html]
[your-dress.ancorathemes.com/indexf4d1.html]
[your-dress.ancorathemes.com/wp-content/uploads/2017/03/service-9-1155x615.jpg]
[your-dress.ancorathemes.com/wp-content/uploads/2017/03/service-5-1155x615.jpg]
[your-dress.ancorathemes.com/services/feed/index.html]
[your-dress.ancorathemes.com/wp-content/uploads/2017/03/service-6-1155x615.jpg]
[your-dress.ancorathemes.com/services_group/occasions/index.html]
[your-dress.ancorathemes.com/wp-content/uploads/2017/03/service-10-1155x615.jpg]
[your-dress.ancorathemes.com/wp-content/uploads/2017/03/service-11-1155x615.jpg]
[your-dress.ancorathemes.com/wp-content/uploads/2017/03/service-7-1155x615.jpg]
[your-dress.ancorathemes.com/services/index.html]
[your-dress.ancorathemes.com/services/page/2/index.html]
[your-dress.ancorathemes.com/index5e74.html]
[your-dress.ancorathemes.com/indexada0.html]
[your-dress.ancorathemes.com/index8e01.html]
[your-dress.ancorathemes.com/wp-content/plugins/woocommerce/assets/css/photoswipe/default-skin/default-skin.png]
[your-dress.ancorathemes.com/wp-content/plugins/woocommerce/assets/css/photoswipe/photoswipe1aae.css]
[your-dress.ancorathemes.com/wp-content/plugins/woocommerce/assets/css/photoswipe/default-skin/default-skin.svg]
[your-dress.ancorathemes.com/wp-content/plugins/woocommerce/assets/css/photoswipe/default-skin/preloader.gif]
[your-dress.ancorathemes.com/wp-content/plugins/woocommerce/assets/css/photoswipe/default-skin/default-skin1aae.css]
[your-dress.ancorathemes.com/wp-content/plugins/woocommerce-easy-booking-system/assets/css/default.mince52.css]
[your-dress.ancorathemes.com/index0b1f.html]
[your-dress.ancorathemes.com/product/occasion-dress/index3563.html]
[your-dress.ancorathemes.com/wp-json/oembed/1.0/embed497e.json]
[your-dress.ancorathemes.com/wishlist/index.html]
[your-dress.ancorathemes.com/wp-json/oembed/1.0/embedee43]
[your-dress.ancorathemes.com/product-tag/bridesmaid/index.html]
[your-dress.ancorathemes.com/product-tag/maxi/index.html]
[your-dress.ancorathemes.com/index67bc.html]
[your-dress.ancorathemes.com/product/white-dress/index6e86.html]
[your-dress.ancorathemes.com/product-tag/multiway-dress/index.html]
[your-dress.ancorathemes.com/product-tag/bridesmaid/feed/index.html]
[your-dress.ancorathemes.com/product-tag/multiway-dress/feed/index.html]
[your-dress.ancorathemes.com/product-tag/maxi/feed/index.html]
[your-dress.ancorathemes.com/wishlist/indexd96a.html]
[your-dress.ancorathemes.com/index8fee.html]
[your-dress.ancorathemes.com/product/skinny-dress/indexedb7.html]
[your-dress.ancorathemes.com/product-tag/cocktail/index.html]
[your-dress.ancorathemes.com/index548d.html]
[your-dress.ancorathemes.com/product/maxi-dress/index55f1.html]
[your-dress.ancorathemes.com/product-tag/midi/index.html]
[your-dress.ancorathemes.com/indexd6e1.html]
[your-dress.ancorathemes.com/product-tag/cocktail/feed/index.html]
[your-dress.ancorathemes.com/product/oversized-dress/indexc848.html]
[your-dress.ancorathemes.com/index4978.html]
[your-dress.ancorathemes.com/product/cocktail-dress/index4f43.html]
[your-dress.ancorathemes.com/indexd7c9.html]
[your-dress.ancorathemes.com/product/zoe-dress/indexfcb1.html]
[your-dress.ancorathemes.com/index80c9.html]
[your-dress.ancorathemes.com/product/multiway-dress/indexeccd.html]
[your-dress.ancorathemes.com/index6eea.html]
[your-dress.ancorathemes.com/product/gold-clutch-bag/index600a.html]
[your-dress.ancorathemes.com/indexc902.html]
[your-dress.ancorathemes.com/product/gold-bracelet/indexd13d.html]
[your-dress.ancorathemes.com/index156c.html]
[your-dress.ancorathemes.com/product/studded-bag/index5377.html]
[your-dress.ancorathemes.com/index3dc6.html]
[your-dress.ancorathemes.com/product/black-bag/index7808.html]
[your-dress.ancorathemes.com/index248a.html]
[your-dress.ancorathemes.com/wedding-inspiration/index0e22.html]
[your-dress.ancorathemes.com/wedding-inspiration/index3094.html]
[your-dress.ancorathemes.com/wedding-inspiration/index21b4.html]
[your-dress.ancorathemes.com/author/anc_admin/_https_/player.vimeo.com/video/476642275782.html]
[your-dress.ancorathemes.com/author/anc_admin/page/2/index.html]
[your-dress.ancorathemes.com/author/anc_admin/page/3/index.html]
[your-dress.ancorathemes.com/index60d6.html]
[your-dress.ancorathemes.com/index47f2.html]
[your-dress.ancorathemes.com/product-tag/midi/feed/index.html]
[your-dress.ancorathemes.com/wp-content/uploads/2017/03/service-7-555x360.jpg]
[your-dress.ancorathemes.com/wp-json/oembed/1.0/embed8795.json]
[your-dress.ancorathemes.com/wp-json/oembed/1.0/embed5382]
[your-dress.ancorathemes.com/wp-content/uploads/2017/03/service-11-1170x658.jpg]
[your-dress.ancorathemes.com/services/date-night/index.html]
[your-dress.ancorathemes.com/wp-content/uploads/2017/03/service-8-555x360.jpg]
[your-dress.ancorathemes.com/wp-json/oembed/1.0/embeddee8.json]
[your-dress.ancorathemes.com/wp-json/oembed/1.0/embedb50f]
[your-dress.ancorathemes.com/wp-content/uploads/2017/03/service-7-1170x658.jpg]
[your-dress.ancorathemes.com/services/prom/index.html]
[your-dress.ancorathemes.com/wp-content/plugins/woocommerce/assets/css/select21aae.css]
[your-dress.ancorathemes.com/my-account/index.html]
[your-dress.ancorathemes.com/index504f.html]
[your-dress.ancorathemes.com/wp-content/plugins/js_composer/assets/lib/bower/font-awesome/fonts/fontawesome-webfont3e6e.svg]
[your-dress.ancorathemes.com/shop/page/1/index.html]
[your-dress.ancorathemes.com/indexe839.html]
[your-dress.ancorathemes.com/15-easy-and-stylish-casual-summer-outfits/index8e42.html]
[your-dress.ancorathemes.com/15-easy-and-stylish-casual-summer-outfits/index267f.html]
[your-dress.ancorathemes.com/15-easy-and-stylish-casual-summer-outfits/index41b7.html]
[your-dress.ancorathemes.com/index0721.html]
[your-dress.ancorathemes.com/index2dc8.html]
[your-dress.ancorathemes.com/index5fb3.html]
[your-dress.ancorathemes.com/index6aed.html]
[your-dress.ancorathemes.com/indexcb30.html]
[your-dress.ancorathemes.com/index49b1.html]
[your-dress.ancorathemes.com/indexcbb6.html]
[your-dress.ancorathemes.com/indexb93f.html]
[your-dress.ancorathemes.com/index5c90.html]
[your-dress.ancorathemes.com/category/beauty/_https_/player.vimeo.com/video/476642275782.html]
[your-dress.ancorathemes.com/category/popular/page/2/index.html]
[your-dress.ancorathemes.com/category/fashion/page/2/index.html]
[your-dress.ancorathemes.com/index3f3a.html]
[your-dress.ancorathemes.com/index4f61.html]
[your-dress.ancorathemes.com/wedding-fashion-beauty-style-ideas/image-3/feed/index.html]
[your-dress.ancorathemes.com/wp-json/oembed/1.0/embedd535.json]
[your-dress.ancorathemes.com/wedding-fashion-beauty-style-ideas/image-3/index.html]
[your-dress.ancorathemes.com/index2cce.html]
[your-dress.ancorathemes.com/tag/clothes/_https_/player.vimeo.com/video/476642275782.html]
[your-dress.ancorathemes.com/tag/clothes/page/2/index.html]
[your-dress.ancorathemes.com/tag/dresses/_https_/player.vimeo.com/video/476642275782.html]
[your-dress.ancorathemes.com/tag/dresses/page/2/index.html]
[your-dress.ancorathemes.com/tag/fit/page/2/index.html]
[your-dress.ancorathemes.com/tag/girl/_https_/player.vimeo.com/video/476642275782.html]
[your-dress.ancorathemes.com/tag/girl/page/2/index.html]
[your-dress.ancorathemes.com/tag/glam/page/2/index.html]
[your-dress.ancorathemes.com/tag/jewelry/_https_/player.vimeo.com/video/476642275782.html]
[your-dress.ancorathemes.com/tag/jewelry/page/2/index.html]
[your-dress.ancorathemes.com/index6c46.html]
[your-dress.ancorathemes.com/index3c55.html]
[your-dress.ancorathemes.com/index8816.html]
[your-dress.ancorathemes.com/indexb950.html]
[your-dress.ancorathemes.com/index5791.html]
[your-dress.ancorathemes.com/index9e8b.html]
[your-dress.ancorathemes.com/index146c.html]
[your-dress.ancorathemes.com/index48fd.html]
[your-dress.ancorathemes.com/index7b17.html]
[your-dress.ancorathemes.com/index16bc.html]
[your-dress.ancorathemes.com/index04cd.html]
[your-dress.ancorathemes.com/index2fa7.html]
[your-dress.ancorathemes.com/indexcc0f.html]
[your-dress.ancorathemes.com/index8cf7.html]
[your-dress.ancorathemes.com/index0012.html]
[your-dress.ancorathemes.com/index5e74-2.html]
[your-dress.ancorathemes.com/indexba52.html]
[your-dress.ancorathemes.com/index0d0b.html]
[your-dress.ancorathemes.com/indexa36b.html]
[your-dress.ancorathemes.com/wp-json/oembed/1.0/embedd9e6]
[your-dress.ancorathemes.com/wp-json/oembed/1.0/embedc12c.json]
[your-dress.ancorathemes.com/feed/index617e.html]
[your-dress.ancorathemes.com/wp-json/oembed/1.0/embed934a]
[your-dress.ancorathemes.com/wp-content/uploads/2017/03/gallery-1-1155x615.jpg]
[your-dress.ancorathemes.com/gallery-1/index.html]
[your-dress.ancorathemes.com/indexdd23.html]
[your-dress.ancorathemes.com/index9cd7.html]
[your-dress.ancorathemes.com/indexfbd5.html]
[your-dress.ancorathemes.com/wp-content/uploads/2017/03/service-12-555x360.jpg]
[your-dress.ancorathemes.com/gallery-2/index.html]
[your-dress.ancorathemes.com/wp-json/oembed/1.0/embeda5d1.json]
[your-dress.ancorathemes.com/wp-json/oembed/1.0/embed3613]
[your-dress.ancorathemes.com/wp-content/uploads/2017/03/service-8-1170x658.jpg]
[your-dress.ancorathemes.com/services/engagement-party/index.html]
[your-dress.ancorathemes.com/index0325.html]
[your-dress.ancorathemes.com/services_group/occasions/index.html]
[your-dress.ancorathemes.com/services_group/occasions/feed/index.html]
[your-dress.ancorathemes.com/services_group/occasions/page/2/index.html]
[your-dress.ancorathemes.com/wp-content/uploads/2017/03/service-8-1155x615.jpg]
[your-dress.ancorathemes.com/wp-content/uploads/2017/03/service-12-1155x615.jpg]
[your-dress.ancorathemes.com/wp-content/cache/autoptimize/js/autoptimize_225f2dd6b854409cbc0e0ae20b61e39b.js]
[your-dress.ancorathemes.com/wp-content/uploads/2017/03/service-1-1155x615.jpg]
[your-dress.ancorathemes.com/wp-content/uploads/2017/03/service-3-1155x615.jpg]
[your-dress.ancorathemes.com/wp-content/uploads/2017/03/service-4-1155x615.jpg]
[your-dress.ancorathemes.com/services_group/rental-service/index.html]
[your-dress.ancorathemes.com/wp-content/uploads/2017/03/service-2-1155x615.jpg]
[your-dress.ancorathemes.com/services/page/2/index.html]
[your-dress.ancorathemes.com/wp-content/plugins/woocommerce/assets/css/photoswipe/default-skin/default-skin.svg]
[your-dress.ancorathemes.com/indexb648.html]
[your-dress.ancorathemes.com/wishlist/indexd96a.html]
[your-dress.ancorathemes.com/index2586.html]
[your-dress.ancorathemes.com/wishlist/indexbac5.html]
[your-dress.ancorathemes.com/indexb50d.html]
[your-dress.ancorathemes.com/wishlist/indexc063.html]
[your-dress.ancorathemes.com/index094d.html]
[your-dress.ancorathemes.com/index73fa.html]
[your-dress.ancorathemes.com/wishlist/index553c.html]
[your-dress.ancorathemes.com/wp-json/oembed/1.0/embed64bf.json]
[your-dress.ancorathemes.com/wishlist/index1026.html]
[your-dress.ancorathemes.com/feed/index9b7c.html]
[your-dress.ancorathemes.com/wp-json/oembed/1.0/embed28f5]
[your-dress.ancorathemes.com/wp-content/uploads/2017/03/gallery-2-1155x615.jpg]
[your-dress.ancorathemes.com/gallery-2/index.html]
[your-dress.ancorathemes.com/index3440.html]
[your-dress.ancorathemes.com/services_group/occasions/page/2/index.html]
[your-dress.ancorathemes.com/services_group/rental-service/index.html]
[your-dress.ancorathemes.com/wishlist/indexc063.html]
[your-dress.ancorathemes.com/wishlist/indexbac5.html]
[your-dress.ancorathemes.com/wishlist/index1026.html]
[your-dress.ancorathemes.com/wishlist/index553c.html]
[your-dress.ancorathemes.com/indexa8da.html]
[your-dress.ancorathemes.com/gallery-3/index.html]
[your-dress.ancorathemes.com/services_group/rental-service/feed/index.html]
[your-dress.ancorathemes.com/wp-json/oembed/1.0/embedd08c.json]
[your-dress.ancorathemes.com/feed/index87ca.html]
[your-dress.ancorathemes.com/wp-json/oembed/1.0/embed62b7]
[your-dress.ancorathemes.com/wp-content/uploads/2017/03/gallery-3-1155x615.jpg]
[your-dress.ancorathemes.com/gallery-3/index.html]
[your-dress.ancorathemes.com/index30e3.html]
[your-dress.ancorathemes.com/gallery-4/index.html]
[your-dress.ancorathemes.com/feed/indexa23e.html]
[your-dress.ancorathemes.com/wp-json/oembed/1.0/embeda728.json]
[your-dress.ancorathemes.com/wp-json/oembed/1.0/embed3a76]
[your-dress.ancorathemes.com/wp-content/uploads/2017/03/gallery-4-1155x615.jpg]
[your-dress.ancorathemes.com/gallery-4/index.html]
[your-dress.ancorathemes.com/index7b2c.html]
[your-dress.ancorathemes.com/gallery-5/index.html]
[your-dress.ancorathemes.com/wp-json/oembed/1.0/embed6a15.json]
[your-dress.ancorathemes.com/feed/index93ff.html]
[your-dress.ancorathemes.com/wp-json/oembed/1.0/embed20c3]
[your-dress.ancorathemes.com/wp-content/uploads/2017/03/gallery-5-1155x615.jpg]
[your-dress.ancorathemes.com/gallery-5/index.html]
[your-dress.ancorathemes.com/indexd0b8.html]
[your-dress.ancorathemes.com/bg-9/index.html]
[your-dress.ancorathemes.com/wp-json/oembed/1.0/embedbbce.json]
[your-dress.ancorathemes.com/feed/index9bcf.html]
[your-dress.ancorathemes.com/bg-9/index.html]
[your-dress.ancorathemes.com/index52e8.html]
[your-dress.ancorathemes.com/wp-json/oembed/1.0/embed4fc0]
[your-dress.ancorathemes.com/bg-8/index.html]
[your-dress.ancorathemes.com/wp-json/oembed/1.0/embedf3fe.json]
[your-dress.ancorathemes.com/feed/index8609.html]
[your-dress.ancorathemes.com/wp-json/oembed/1.0/embedf717]
[your-dress.ancorathemes.com/wp-content/uploads/2017/03/bg-8-1155x615.jpg]
[your-dress.ancorathemes.com/bg-8/index.html]
[your-dress.ancorathemes.com/indexa853.html]
[your-dress.ancorathemes.com/7_supporta/index.html]
[your-dress.ancorathemes.com/feed/indexd0ac.html]
[your-dress.ancorathemes.com/wp-json/oembed/1.0/embed5ece.json]
[your-dress.ancorathemes.com/wp-json/oembed/1.0/embed06c8]
[your-dress.ancorathemes.com/wp-content/uploads/2017/03/7_supportA.png]
[your-dress.ancorathemes.com/7_supporta/index.html]
[your-dress.ancorathemes.com/index8fec.html]
[your-dress.ancorathemes.com/7_support-updated-tablet/index.html]
[your-dress.ancorathemes.com/wp-json/oembed/1.0/embed9816.json]
[your-dress.ancorathemes.com/feed/index91a7.html]
[your-dress.ancorathemes.com/wp-json/oembed/1.0/embede26c]
[your-dress.ancorathemes.com/wp-content/uploads/2017/03/7_support-updated-tablet.png]
[your-dress.ancorathemes.com/7_support-updated-tablet/index.html]
[your-dress.ancorathemes.com/indexbc6e.html]
[your-dress.ancorathemes.com/inmotion/index.html]
[your-dress.ancorathemes.com/wp-json/oembed/1.0/embed3988.json]
[your-dress.ancorathemes.com/feed/index0657.html]
[your-dress.ancorathemes.com/wp-json/oembed/1.0/embed2049]
[your-dress.ancorathemes.com/wp-content/uploads/2017/03/inmotion.png]
[your-dress.ancorathemes.com/inmotion/index.html]
[your-dress.ancorathemes.com/indexca25.html]
[your-dress.ancorathemes.com/mediatemple/index.html]
[your-dress.ancorathemes.com/feed/index0943.html]
[your-dress.ancorathemes.com/wp-json/oembed/1.0/embed2bd2.json]
[your-dress.ancorathemes.com/wp-json/oembed/1.0/embed5ce1]
[your-dress.ancorathemes.com/wp-content/uploads/2017/03/mediatemple.png]
[your-dress.ancorathemes.com/mediatemple/index.html]
[your-dress.ancorathemes.com/indexc9bf.html]
[your-dress.ancorathemes.com/cideoclipart/index.html]
[your-dress.ancorathemes.com/wp-json/oembed/1.0/embed51fb.json]
[your-dress.ancorathemes.com/feed/indexaee3.html]
[your-dress.ancorathemes.com/wp-json/oembed/1.0/embeda394]
[your-dress.ancorathemes.com/wp-content/uploads/2017/03/cideoclipart-1155x615.jpg]
[your-dress.ancorathemes.com/cideoclipart/index.html]
[your-dress.ancorathemes.com/indexf5a4.html]
[your-dress.ancorathemes.com/cideoclipart2/index.html]
[your-dress.ancorathemes.com/wp-json/oembed/1.0/embed6624.json]
[your-dress.ancorathemes.com/feed/indexadce.html]
[your-dress.ancorathemes.com/wp-json/oembed/1.0/embed839b]
[your-dress.ancorathemes.com/wp-content/uploads/2017/03/cideoclipart2-1155x615.jpg]
[your-dress.ancorathemes.com/cideoclipart2/index.html]
[your-dress.ancorathemes.com/indexcaf0.html]
[your-dress.ancorathemes.com/cideoclipart3/index.html]
[your-dress.ancorathemes.com/wp-json/oembed/1.0/embed29d0.json]
[your-dress.ancorathemes.com/feed/index3c98.html]
[your-dress.ancorathemes.com/wp-json/oembed/1.0/embede823]
[your-dress.ancorathemes.com/wp-content/uploads/2017/03/cideoclipart3-1155x615.jpg]
[your-dress.ancorathemes.com/cideoclipart3/index.html]
[your-dress.ancorathemes.com/index4c85.html]
[your-dress.ancorathemes.com/cideoclipart4/index.html]
[your-dress.ancorathemes.com/wp-json/oembed/1.0/embed58a4.json]
[your-dress.ancorathemes.com/feed/indexc5fd.html]
[your-dress.ancorathemes.com/wp-json/oembed/1.0/embed6cab]
[your-dress.ancorathemes.com/wp-content/uploads/2017/03/cideoclipart4-1155x615.jpg]
[your-dress.ancorathemes.com/cideoclipart4/index.html]
[your-dress.ancorathemes.com/indexe4db.html]
[your-dress.ancorathemes.com/favicon/index.html]
[your-dress.ancorathemes.com/wp-json/oembed/1.0/embed668d.json]
[your-dress.ancorathemes.com/feed/indexbc08.html]
[your-dress.ancorathemes.com/wp-json/oembed/1.0/embed0e16]
[your-dress.ancorathemes.com/wp-content/uploads/2017/04/favicon.png]
[your-dress.ancorathemes.com/favicon/index.html]
[your-dress.ancorathemes.com/indexedce.html]
[your-dress.ancorathemes.com/logo/index.html]
[your-dress.ancorathemes.com/wp-json/oembed/1.0/embede862.json]
[your-dress.ancorathemes.com/feed/index507e.html]
[your-dress.ancorathemes.com/logo/index.html]
[your-dress.ancorathemes.com/index88c3.html]
[your-dress.ancorathemes.com/wp-json/oembed/1.0/embed3248]
[your-dress.ancorathemes.com/slide1/index.html]
[your-dress.ancorathemes.com/wp-json/oembed/1.0/embedce43.json]
[your-dress.ancorathemes.com/feed/index3ee2.html]
[your-dress.ancorathemes.com/wp-json/oembed/1.0/embed0693]
[your-dress.ancorathemes.com/wp-content/uploads/2017/04/slide1-1155x615.jpg]
[your-dress.ancorathemes.com/slide1/index.html]
[your-dress.ancorathemes.com/index08c1.html]
[your-dress.ancorathemes.com/slide2/index.html]
[your-dress.ancorathemes.com/wp-json/oembed/1.0/embed7522.json]
[your-dress.ancorathemes.com/feed/index8224.html]
[your-dress.ancorathemes.com/wp-json/oembed/1.0/embeda182]
[your-dress.ancorathemes.com/wp-content/uploads/2017/04/slide2-1155x615.jpg]
[your-dress.ancorathemes.com/slide2/index.html]
[your-dress.ancorathemes.com/index2f7a.html]
[your-dress.ancorathemes.com/slide4/index.html]
[your-dress.ancorathemes.com/wp-json/oembed/1.0/embedd836.json]
[your-dress.ancorathemes.com/feed/index6a20.html]
[your-dress.ancorathemes.com/wp-json/oembed/1.0/embedd03c]
[your-dress.ancorathemes.com/wp-content/uploads/2017/04/slide4-1155x615.jpg]
[your-dress.ancorathemes.com/slide4/index.html]
[your-dress.ancorathemes.com/index8372.html]
[your-dress.ancorathemes.com/favicon-2/index.html]
[your-dress.ancorathemes.com/feed/indexaecd.html]
[your-dress.ancorathemes.com/wp-json/oembed/1.0/embed8aec.json]
[your-dress.ancorathemes.com/wp-json/oembed/1.0/embed46ad]
[your-dress.ancorathemes.com/wp-content/uploads/2018/10/favicon.png]
[your-dress.ancorathemes.com/favicon-2/index.html]
[your-dress.ancorathemes.com/index7efb.html]
[your-dress.ancorathemes.com/cropped-favicon-png/index.html]
[your-dress.ancorathemes.com/wp-json/oembed/1.0/embed9ef0.json]
[your-dress.ancorathemes.com/feed/index8d05.html]
[your-dress.ancorathemes.com/wp-json/oembed/1.0/embedc643]
[your-dress.ancorathemes.com/wp-content/uploads/2018/10/cropped-favicon.png]
[your-dress.ancorathemes.com/cropped-favicon-png/index.html]
[your-dress.ancorathemes.com/index2ec5.html]
